
  ___  ____  ____  ____  ____ ®
 /__    /   ____/   /   ____/      StataNow 18.5
___/   /   /___/   /   /___/       MP—Parallel Edition

 Statistics and Data Science       Copyright 1985-2023 StataCorp LLC
                                   StataCorp
                                   4905 Lakeway Drive
                                   College Station, Texas 77845 USA
                                   800-782-8272        https://www.stata.com
                                   979-696-4600        service@stata.com

Stata license: Unlimited-user 4-core network, expiring 16 Dec 2025
Serial number: 501809302042
  Licensed to: WBG User
               World Bank

Notes:
      1. Stata is running in batch mode.
      2. Unicode is supported; see help unicode_advice.
      3. More than 2 billion observations are allowed; see help obs_advice.
      4. Maximum number of variables is set to 5,000 but can be increased;
          see help set_maxvar.

. do batch_2023 

. *!v2.0
. *============================================================================
> ===
. * Macro-Micro Simulations
. *============================================================================
> ===
. * Created on : July 24, 2024
. * Last update: October 1, 2024
. *============================================================================
> ===
. * Prepared by: South Asia Regional Stats Team
. 
. * Initiated by: Sergio Olivieri
. * E-mail: colivieri@worldbank.org
. 
. * Modified by: Kelly Montoya, Jaime Fernandez Romero and Israel Osorio Rodart
> e
. * For this version e-mail: iosoriorordarte@worldbank.org
. *============================================================================
> ===
. 
. *============================================================================
> ===
. * TIME
. *============================================================================
> ===
. set processors 4
    The maximum number of processors or cores being used is 4.  It can be set
    to any number between 1 and 4.

. set type double

. frame reset

. program drop _all

. clear mata

. capture which etime

. if _rc ssc install etime

. etime, start

. *============================================================================
> ===
. 
. *============================================================================
> ===
. * RUNNING STEPS
. *============================================================================
> ===
. {
. * Step 1: Load base household survey data for simulation
.         local  step1_loadhhdata  ""             // if yes, save simulation da
> ta
.                 global reload_dlw        ""             // SUBOPTION: if yes,
>  reloads simulation databases from datalibweb
. 
. * Step 2: Calculate macro-micro inputs, (aka elasticity tool)
.         local step2_macromicroinputs "" // recalculates the macro and micro i
> nputs needed for simulation
. 
. * Step 3: Run macro-micro simulation
.         local  step3_runsim       "yes"         // Run simulations      
.                 
.         * Initial and final year for sequential run
.                 local iniyear = 2022 // Initial year when doing sequential ru
> ns
.                 local finyear = 2022 // Final year when doing sequential runs
. 
.         * Local parallel
.                 *local parallel         "yes"   // If "yes", the program will
>  run simulation parallel mode
. 
.         * Parallel run set up
.                 * If *local parallel is set to "yes". Then n batch files will
>  be created
.                 * with the name batch_`i'.do located in the working directory
> .
.                 * Select initial and final parallel years below 
.                         local iniparallelyear = 2022    // First batch file t
> o be created
.                         local finparallelyear = 2026    // Last batch file to
>  be created
.                         *local parallel_automatic "yes"  // If yes, parallel 
> run will start automatically
.                                                                              
>            // Otherwise, call the batch file from terminal or the command pro
> mpt
. }               

. *============================================================================
> ===
. * PATHS - Modify according to your local route
. *============================================================================
> ===
. {
. * Main
.         * MacOSX and Unix
.         if (c(os)=="MacOSX"|c(os)=="Unix") & c(username)=="Israel" {
.                  gl main  "/Users/Israel/OneDrive/WBG/ETIRI/Projects/FY25/FY2
> 5 - SAR MPO AM24"
.         }
.         * Windows
.         if c(os)=="Windows" & c(username)=="WB308767" {
.                  gl main  "C:/Users/WB308767/OneDrive/WBG/ETIRI/Projects/FY25
> /FY25 - SAR MPO AM24"
.         }
.         
. * Path  
.         gl path "$main/BGD-MPO-Microsimulation/2024AM"
.         cd "$path"
/Users/Israel/Library/CloudStorage/OneDrive-Personal/WBG/ETIRI/Projects/FY25/FY
> 25 - SAR MPO AM24/BGD-MPO-Microsimulation/2024AM
.         
. * Do-files path
.         global dofiles     "$path/Do-files" // Do-files path
. 
. * Data directories
.         cap mkdir "${path}/Data"
.         gl data_root "${path}/Data"
.         gl data_in   "${path}/Data/INPUT"
.         gl data_out  "${path}/Data/OUTPUT"
. 
. }

. 
. *============================================================================
> ===
. * Country Parameters
. *============================================================================
> ===
. {
. * Globals for country and year identification
.         global country BGD                      // Country to upload
.         global year 2022                        // household survey year to u
> se
.         global final_year 2026          // Last simulated year
.         global base_year 2022           // Base year for building LAVs
. 
. * Parameters
.         *gl use_saved_parameters "yes" // Not working yet
.         gl re_scale ""                  // Change for "yes"/"no" re-scale usi
> ng total income
.         gl sector_model 3               // 
.         gl random_remittances "no" // Change for "yes" or "no" on modelling
.         gl baseyear 2022
. 
. }

. *============================================================================
> ===
. * Parallelization - Don't modify
. *============================================================================
> ===
. {
.         * Parallel operationalization, do not modify
.         
.                 scalar xrxx = 1                 // Do not modify
.                 scalar xrxy = 1                 // Do not modify
.                 local iniyear=2023      // Do not modify
.                 local finyear=2023      // Do not modify
. 
.                 * Create batch files in MacOSX with sed function
.                 if "`parallel'"=="yes" & (c(os)=="MacOSX"|c(os)=="Unix") {
.                         cd "$dofiles"
.                         
.                         * Create myscript.sh
.                         cap erase myscript.sh
.                         cap file close myscript
.                         file open myscript using myscript.sh, write
.                         
.                         * Create n batch_`bi'.do files
.                         forval bi = `iniparallelyear'/`finparallelyear' {
  2.                                 
.                                 * Copy batch file
.                                 !cp "0 master.do" "batch_`bi'.do"
  3.                                 * Replace xrxx and xryy with initial and f
> inal years
.                                 !sed -i '' "s/iniyear=2023/iniyear=`bi'/g" ba
> tch_`bi'.do
  4.                                 !sed -i '' "s/finyear=2023/finyear=`bi'/g"
>  batch_`bi'.do
  5.                                 * Turn off parallel option
.                                 !sed -i '' "s/local[[:space:]]parallel/**loca
> l parallel/g" batch_`bi'.do
  6.                                 
.                                 * Append line to myscript.sh
.                                 file write myscript "/usr/local/bin/stata-mp 
> -b do batch_`bi' &" _n
  7.                         }
.                         
.                         * Close myscript.sh file
.                         file close myscript
.                         !chmod u+rx myscript.sh
.                         if "`parallel_automatic'"=="yes" {
.                                 !./myscript.sh
.                         }
.                         etime
.                         exit
.                 }
.                 
.                 * Create batch files in Windows with powershell
.                 if "`parallel'"=="yes" & c(os)=="Windows" {
.                         cd "$dofiles"
.                         
.                         * Create myscript.sh
.                         cap erase myscript.bat
.                         cap file close myscript
.                         file open myscript using myscript.bat, write
.                         
.                         * Create n batch_`bi'.do files
.                         forval bi = `iniparallelyear'/`finparallelyear' {
  2.                                                                 
.                                 * Copy batch file
.                                 !copy "0 master.do" "batch_`bi'.do"
  3.                                 * Replace _fake xrxx and xryy with initial
>  and final years
.                                 *!powershell -command " (Get-Content batch_`b
> i'.do) -replace 'iniyear=2023', 'iniyear=`bi'' | Out-File -encoding ASCII bat
> ch_`bi'.do "
.                                 *!powershell -command " (Get-Content batch_`b
> i'.do) -replace 'finyear=2023', 'finyear=`bi'' | Out-File -encoding ASCII bat
> ch_`bi'.do "
.                                 * Turn off parallel option
.                                 *!powershell -command " (Get-Content batch_`b
> i'.do) -replace '*local parallel', '**local parallel' | Out-File -encoding AS
> CII batch_`bi'.do "
.                                 
.                                 !powershell -command " (Get-Content batch_`bi
> '.do) -replace 'iniyear=2023', 'iniyear=`bi'' | Out-File -encoding ASCII batc
> h_`bi'.do ; (Get-Content batch_`bi'.do) -replace 'finyear=2023', 'finyear=`bi
> '' | Out-File -encoding ASCII batch_`bi'.do ; (Get-Content batch_`bi'.do) -re
> place '*local parallel', '**local parallel' | Out-File -encoding ASCII batch_
> `bi'.do"
  4.                                 
.                                 * Append line to myscript.sh
.                                 if `bi'==`iniparallelyear' file write myscrip
> t `"   "`c(sysdir_stata)'/StataMP-64" /e /i do batch_`bi'.do "'
  5.                                 else                       file write mysc
> ript `" | "`c(sysdir_stata)'/StataMP-64" /e /i do batch_`bi'.do "'
  6.                         }
.                         
.                         * Close myscript.sh file
.                         file close myscript     
.                         if "`parallel_automatic'"=="yes" { 
.                                 !myscript.bat
.                         }
.                         etime
.                         exit    
.                 }
. }

. 
. *============================================================================
> ===
. * Step 1: Load and save household survey for simulation
. * The process must be done before starting the macro-micro simulation.
. * Here, we force it to be run only during sequential runs.
. * Running it in parallel mode can create problems when the same file is being
>  
. * saved by each parallel instance.
. * This happens more often in Windows environments.
. *============================================================================
> ===
. if "`step1_loadhhdata'"=="yes" & "`parallel'"=="" {
.         
.         * The harmonized HIES contains 160 variables and 76.8MB
.         * The minimum harmonized HIES contains 74 variables and 12.5MB
.         
.         * 000. Load data
.         do "$dofiles/001_load_data.do"
.         save "$data_root/BGD_2022_HIES_v02_M_v02_A_SARMD_SIM.dta", replace
.         
.         
.         * Minimum set of variables for simulation
.         *#delimit ;
.         *local minvarset  "industry3 industry3_2
.         *                                 occup_year occup_2_year            
>             
.         
.         * 010. Prepare variables for regressions
.         do "$dofiles/010_variables.do"
. 
.         #delimit ;
delimiter now ;
.         local minvarset "year countrycode subnatid1 urban
>                                         hhid pid wgt hsize h_size
>                                         age male edad relationharm id married
>  h_head
>                                         atschool educ_lev 
>                                         active emplyd unemplyd self_emp unpai
> d salaried salaried2 self_emp2 unpaid2
>                                         labor_rel labor_rel2 public_job
>                                         sect_main sect_secu  
>                                         occupation
>                                         skill_edu  skill_occup  skill
>                                         sample sample_1 sample_2
>                                         h_inc 
>                                         h_lai 
>                                         h_remesas
>                                         h_pensions
>                                         h_capital
>                                         h_renta_imp
>                                         h_otherinla
>                                         h_transfers
>                                         h_nlai
>                                         remitt_any
>                                         depen
>                                         oth_pub
>                                         ln_lai_m
>                                         lai_m
>                                         tot_lai
>                                         lai_s
>                                         food_share nfood_share
>                                         ipcf_ppp17
>                                         pline_int pline_nat welfarenat welfar
> enom_ppp17 cpi2017 icp2017";
.         #delimit cr
delimiter now cr
.         keep `minvarset'        
. 
.         compress
.         
.                 global use_saved_parameters "no"
.                 * 030.model labor incomes by groups
.                         do "$dofiles/030_occupation.do"
.                 * 040.model labor incomes by skills
.                         do "$dofiles/040_labor_income.do"
.         
.         
.         save "$data_root/BGD_2022_HIES_v02_M_v02_A_SARMD_SIM_MIN.dta", replac
> e
. 
. }

. 
. *============================================================================
> ===
. * Step 2: Calculates simulation parameters from macro and micro databases
. * The process must be done before simulation steps.
. * Here, we force it to be run only during sequential runs.
. *============================================================================
> ===
. if "`step2_macromicroinputs'"=="yes" & "`parallel'"=="" {
. 
.         * 002 Update United Nations World Population Prospects
.                 * output A: "$data_in/UN WPP/popdata_sar_mpo.dta"
.         do "$dofiles/002_import_pop_wpp_wdi.do"
.         
.         * 003. Process standard-MFMod parameters for Tableau
.                 * output B: "$data_in/POV_MOD/macrodata.dta"
.                 * output C: "$data_in/Tableau/AM24/MPO Check data.dta"
.                 * output D: "$data_in/Macro and elasticities/mfmod_bgd.dta"  
>    
.         do "$dofiles/003_sar_mpo_tableau_dashboard.do"
.                 
.         * 004 (master) Elaticity tool based on HIES and LFS
.                 * 005, 006, and 007 are called within 004
.                 * output E: "$data_in/Macro and elasticities/input_elasticiti
> es_hies.dta"
.                 * output F: "$data_in/Macro and elasticities/input_elasticiti
> es_lfs.dta"
.                 * output G: "$data_in/Macro and elasticities/Elasticities.dta
> "
.         do "$dofiles/004_masterelasticity.do"
.         
.                 
.         * Append all databases
.         * Output A
.         use "$data_in/UN WPP/popdata_sar_mpo.dta", clear
.                 isid country year indicator
.                 decode title, gen(strtitle)
.                 drop title
.                 rename strtitle title
.                 keep    country year indicator value title date
.                 order   country year indicator value title date
.         tempfile a
.         save `a', replace
. 
.         * Output B
.         use "$data_in/POV_MOD/macrodata.dta", clear
.                 *decode title, gen(strtitle)
.                 drop title
.                 rename strtitle title
.                 keep    country year indicator value title date
.                 order   country year indicator value title date
.         tempfile b
.         save `b', replace
. 
.         * Output C
.         use "$data_in/Tableau/AM_24 MPO Check/MPO Check data.dta", clear
.                 replace indicator = lower(indicator)
.                 replace indicator = "ma" + indicator
.                 keep    country year indicator value title date
.                 order   country year indicator value title date
.         tempfile c
.         save `c', replace
.         
.         * Output D
.         use "$data_in/Macro and elasticities/mfmod_bgd.dta", clear
.         append using "$data_in/Macro and elasticities/mfmod_bgd_base.dta"    
>    // For July 2024 baseline
.         drop ind
.         tempfile d
.         save `d', replace
.                 
.         
.         use `a', clear
.         append using `b'
.         append using `c'
.         append using `d'
.         
.         save               "$path/input-mpo.dta", replace
.         export excel using "$path/input_MASTER.xlsx", sheet("input-mpo", repl
> ace) firstrow(variables)
.         
.         * INFLOWS
.         use if indicator=="mfbxfstremtcd" using "$data_in/Macro and elasticit
> ies/mfmod_bgd.dta", clear
.         order country year value
.         export excel using "$path/input_MASTER.xlsx", sheet("inflows", replac
> e) firstrow(variables)
.         
.         * OUTPUT E
.         use "$data_in/Tableau/AM_24 MPO Check/input-labor-hies.dta", clear
.                 gen date = "`c(current_date)'"
.                 keep    country year indicator value title date nsectors
.                 order   country year indicator value title date nsectors
.                 tempfile e
.                 save `e', replace
.         
.         * OUTPUT F
.         use "$data_in/Tableau/AM_24 MPO Check/input-labor-lfs.dta", clear
.                 gen date = "`c(current_date)'"          
.                 keep    country year indicator value title date nsectors
.                 order   country year indicator value title date nsectors
.                 tempfile f
.                 save `f', replace
.         
.         use `e', clear
.         append using `f'
.         
.         save               "$path/input-labor", replace
.         export excel using "$path/input_MASTER.xlsx", sheet("input-labor", re
> place) firstrow(variables)
.         
.         * OUTPUT G
.         use "$data_in/Macro and elasticities/Elasticities.dta", clear
.         save                       "$path/input-elasticities.dta", replace
.         export excel using "$path/input_MASTER.xlsx", sheet("Elasticities") s
> heetreplace firstrow(variables)
. }

. *===========================================================================
. * run dofiles
. *===========================================================================
. if "`step3_runsim'"=="yes" {
. 
. 
.         forval yyyy = `iniyear'/`finyear' {
  2.                 clear all
  3.                 clear mata
  4.                 clear matrix
  5. 
.                 * Declarre simulation year
.                 global sim_year = `yyyy'
  6.                 
.                 if "`yyyy'"=="`iniyear'" global use_saved_parameters "yes"
  7.                 else                                     global use_saved_
> parameters "yes"
  8. 
.                 * Use base household survey
.                 if ${year}==2022 use "$data_root/BGD_2022_HIES_v02_M_v02_A_SA
> RMD_SIM_MIN.dta", clear
  9.                 
.                 * Globals for reading scenarios
.                 *gl inputs   "$path/Microsimulation_Inputs_BGD_A3_BaUAM2024.x
> lsm" // Country's input Excel file
.                 gl inputs   "$path/Microsimulation_Inputs_BGD_A3_CrisisAM2024
> .xlsm"
 10.                 
.                 * Load auxiliary simulation programs
.                 local files : dir "$dofiles/auxcode" files "*.*do"
 11.                 di `files'
 12.                 foreach f of local files{
 13.                         dis in yellow "`f'"
 14.                         mata: mata set matastrict off
 15.                         qui: run "$dofiles/auxcode/`f'"
 16.                 }
 17.                 
.                 * 020.input parameters
.                         do "$dofiles/020_parameters.do"
 18.                 * 030.model labor incomes by groups
.                         *do "$dofiles/030_occupation.do"
.                 * 040.model labor incomes by skills
.                         do "$dofiles/040_labor_income.do"
 19.                 * 050.modeling population growth
.                         do "$dofiles/050_population.do"
 20.                 * 060.modeling labor activity rate
.                         do "$dofiles/060_activity.do"
 21.                 * 070.modeling unemployment rate
.                         do "$dofiles/070_unemployment.do"
 22.                 * 080.modeling changes in employment by sectors
.                         do "$dofiles/080_struct_emp.do"
 23.                 * 090.modeling labor income by sector
.                         do "$dofiles/090_asign_labor_income.do" 
 24.                 * 100.income growth by sector
.                         if "$re_scale" == "yes" do "$dofiles/100_income_rel_n
> ew.do"
 25.                         if "$re_scale" == ""    do "$dofiles/101_income_re
> l_new_no_rescaling.do"
 26.                 * 110. total labor incomes
.                         do "$dofiles/110_total_income.do"
 27.                 * 120. total non-labor incomes
.                         if "$random_remittances" == "no"  do "$dofiles/120_as
> sign_nlai.do"
 28.                         if "$random_remittances" == "yes" do "$dofiles/121
> _assign_nlai.do"
 29.                 * 130. household income
.                         do "$dofiles/130_household_income.do"
 30.                 * 140. household consumption
.                 error 1
 31.                         do "$dofiles/140_household_consumption.do"
 32.                 * 150. Quick summary
.                         do "$dofiles/150_simple_results.do"
 33.                 
.                 save "${data_out}/basesim_`yyyy'", replace
 34.         }
cuantiles.domyfrappend.adoprog_mata.dozk.domtab1.domatnames.dogini.dotheil.dode
> sigual.doshares.doparam_res.dofgt.dosimchoiceres.do
cuantiles.do
myfrappend.ado
prog_mata.do
zk.do
mtab1.do
matnames.do
gini.do
theil.do
desigual.do
shares.do
param_res.do
fgt.do
simchoiceres.do

. *!v1.0
. *===========================================================================
. * TITLE: Set up parameters
. *===========================================================================
. * Prepared by: Sergio Olivieri
. * E-mail: solivieri@worldbank.org
. *===========================================================================
. * Created on : Dec 03, 2020
. * Last update: Jun 26, 2024 - Israel Osorio Rodarte
. *                          Jan 04, 2021 Kelly Y. Montoya
. *                          Jan 13, 2021 - Modification of average labor incom
> e sheet
. *                          Jul 22, 2022 - Added macro data matrix for re-scal
> ing with sectoral and total GDP in the new model
. *                          Jul 25, 2022 - Added WDI population matrix for new
>  weights
. *                          Jul 26, 2022 - Moved model set up from master. Mut
> ed population by gender.
. *===========================================================================
. 
. *===========================================================================
. * setting up the model
. *===========================================================================
. 
. 
. * mata matrix
. mata:
------------------------------------------------- mata (type end to exit) -----
: void st_shares(string scalar name1)
> {
>         real matrix M,N,P
>         M = st_matrix(name1)
>     N = runningsum(M[1..(rows(M)-1),1])
>     P = N:/M[rows(M),1]
>     st_matrix("shr",P)
> }

: end
-------------------------------------------------------------------------------

. 
. 
. *===========================================================================
. * general parameters
. *===========================================================================
. 
. preserve

. 
. import excel using "$inputs", sheet("input_setup") first clear
(6 vars, 1 obs)

. 
. * type of estimation
. gl national   = type_estimation[1]

. if $national == 1 gl tipo "local"

. if $national == 0 gl tipo "inter"  

. 
. * select scenario
. *gl model = model[1]
. *tostring model, replace
. 
. * bonus
. if inlist(bonus,1) gl bonus = 1

. if inlist(bonus,0) gl bonus = 0 

. 
. * sectors (by default 6 sectors)
. gl m = num_sectors[1]

. 
. * new weights
. if inlist(weights,1) gl weights = 1

. if inlist(weights,0) gl weights = 0

. 
. * Read LAV sheet from Excel Input File
. import excel using "$inputs", sheet("linkage_aggregate_variables") first clea
> r    // previously called resumen
(31 vars, 43 obs)

.         keep parameters value* lav*

.         drop if parameters==""
(10 observations deleted)

.         reshape long value lav, i(parameters) j(year)
(j = 2014 2015 2016 2017 2018 2019 2020 2021 2022 2023 2024 2025 2026)
(variable lav2014 not found)

Data                               Wide   ->   Long
-----------------------------------------------------------------------------
Number of observations               33   ->   429         
Number of variables                  26   ->   4           
j variable (13 values)                    ->   year
xij variables:
      value2014 value2015 ... value2026   ->   value
            lav2014 lav2015 ... lav2026   ->   lav
-----------------------------------------------------------------------------

.         keep if year==$sim_year
(396 observations deleted)

.         rename lav rate

.         tempfile lavdata

. save `lavdata', replace
(file /var/folders/fc/5g_0xpf55dz7bg775xzr1vfw0000gp/T//St21670.000002 not
    found)
file /var/folders/fc/5g_0xpf55dz7bg775xzr1vfw0000gp/T//St21670.000002 saved
    as .dta format

. 
. * macro data (See sheet "input_gpd")
. use `lavdata', clear

.         keep if substr(parameters,1,3)=="gdp"
(29 observations deleted)

.         sort parameters

. mkmat rate, mat(growth_macro_data)

. 
. * average labor incomes (See sheet "input_labor_incomes")
. use `lavdata', clear

.         keep if substr(parameters,1,3)=="inc"
(26 observations deleted)

.         gen A = substr(parameters,length(parameters)-1,2)

.         replace A = "z0" if A=="A0"     // To place it at the bottom
(1 real change made)

.         sort A parameters

. mkmat rate, mat(growth_labor_income)

. 
. * labor market (See sheet "input_labor")
. use `lavdata', clear

.         keep if substr(parameters,1,2)=="sh"|parameters=="parti_rate"|paramet
> ers=="unemp_rate"
(25 observations deleted)

.         gen A = "A0"

.         replace A = substr(parameters,length(parameters)-1,2) if substr(param
> eters,1,2)=="sh"
(6 real changes made)

.         sort A parameters

. mkmat rate, mat(growth_labor)

. 
. * non-labor incomes (See sheet "input_nonlabor")
. use `lavdata', clear

.         gen order = . 
(33 missing values generated)

.         replace order = 1 if parameter=="remittances"
(1 real change made)

.         replace order = 2 if parameter=="pensions"
(1 real change made)

.         replace order = 3 if parameter=="capital"
(1 real change made)

.         replace order = 4 if parameter=="bdh"
(1 real change made)

.         replace order = 5 if parameter=="jgl"
(1 real change made)

.         keep if order!=.
(28 observations deleted)

.         sort order

. mkmat rate, mat(growth_nlabor)

. 
. * total population (See sheet "input_pop_wdi")
. use `lavdata', clear

.         keep if parameter=="total population"
(32 observations deleted)

. mkmat value, mat(growth_pop_wdi)

. *Alternatively, for using the growth rate:
. *mkmat rate, mat(growth_pop_wdi)
. 
. * GDP Per Capita
. use `lavdata', clear

.         keep if parameter=="pccons"
(32 observations deleted)

. mkmat rate, mat(pccons)

. 
. restore

. 
. *===========================================================================
. *                                     END
. *===========================================================================
. 
. 
end of do-file

. *!v1.0
. *============================================================================
> =
. * TITLE: 04 - Modeling labor incomes by education skills and economic sector
. *===========================================================================
. * Prepared by: Sergio Olivieri
. * E-mail: solivieri@worldbank.org
. *============================================================================
> =
. * Created on : Mar 17, 2020
. * Last update: Jan 08, 2021
. *                          Apr 19, 2022 - Included estimations saving (Kelly 
> Y. Montoya)
. *                          Jul 25, 2022 - Change loc numsector (only 3 sector
> s). KYM
. *============================================================================
> =
. 
. *============================================================================
> =
. 
. * y vars 
. loc depvar "ln_lai_m"

. 
. * x vars 
. loc ols_rhs           c.age##c.age urban ib0.male##ib0.h_head

. loc ols_rhs `ols_rhs' ib0.male#ibn.educ_lev salaried public_job

. loc ols_rhs `ols_rhs' ib1.region

. 
. levelsof sect_main , loc(numb_sectors)
1 2 3 4 5 6

. levelsof skill, loc(numb_skills)
1 2

. 
. foreach sector of numlist `numb_sectors' {
  2. 
.         foreach skill of numlist `numb_skills' {
  3.         
.                 * Parameters
.                 if "$use_saved_parameters" == "no" {
  4.                         regress `depvar' `ols_rhs' [pw = wgt] if sect_main
>  == `sector' & skill == `skill'   & sample == 1
  5.                         estimates save "${data_root}/models/${country}_${y
> ear}/Income_sector_`sector'_skill_`skill'.dta", replace
  6.                 }
  7.                 else {
  8.                         estimates use "${data_root}/models/${country}_${ye
> ar}/Income_sector_`sector'_skill_`skill'.dta"
  9.                         *estimates esample: `depvar' `ols_rhs' [pw = wgt] 
> if  sect_main  == `sector' & skill == `skill'   & sample==1
.                 }
 10.         
.                 mat b_`sector'_`skill' = e(b)
 11.                 scalar sigma_`sector'_`skill' = e(rmse)  
 12.         }
 13. }

. 
. *============================================================================
> =
. *                                     END
. *============================================================================
> =
. 
end of do-file

. *!v1.0
. *===========================================================================
. * TITLE: 05 - Population Growth
. *===========================================================================
. * Prepared by: Sergio Olivieri
. * E-mail: solivieri@worldbank.org
. *===========================================================================
. * Created on : Mar 17, 2020
. * Last update: Jan 05, 2021
. *===========================================================================
. * Modified by: Kelly Y. Montoya
. *                               Jul 25, 2022 - Adjusted fexp_s according to W
> DI population.
. *===========================================================================
. loc prior_wgt "wgt"

. loc nw_name   "all"

. 
. *===========================================================================
. * household ID (numeric) = psu + household   
. *sort psu id, stable
. *egen psuhid = group(psu id)
. 
. 
. 
. if $weights == 1 {
. *===========================================================================
. * 1. dummies for category
. *===========================================================================
. * dummies by cross categories "gender and age groups"
. gen     age_groups =  .
. replace age_groups =  1 if age >=  0 & age <=  14
. replace age_groups =  2 if age >= 15 & age <=  29
. replace age_groups =  3 if age >= 30 & age <=  44
. replace age_groups =  4 if age >= 45 & age <=  64
. replace age_groups =  5 if age >= 65 
. 
. egen int groupvar = group(male age_groups) 
. xi i.groupvar, noomit prefix(_by)
. unab caliblist: _by*
. 
. 
. loc mem_rel   "h_head"
. loc byvars    "male age_groups"
. loc hhd_id    "hhid"
. loc prior_wgt "wgt"
. loc nw_name   "all"
. 
. *===========================================================================
. * 2. means by category and total population in base year
. *===========================================================================
. total `caliblist' [pw = `prior_wgt'] 
. mat  tot_old = e(b)
. 
. * share by groups
. sum `prior_wgt' if e(sample), meanonly 
. scalar  total_`nw_name' = r(sum)
. mat mean_old = tot_old / r(sum)
. mat mean_old = mean_old'
. 
. * add n-1 restrictions
. mata: st_matrix("tot_new", st_matrix("tot_old"):*st_matrix("vec_pop_grw1")')
. mata: st_matrix("mean_`nw_name'",st_matrix("tot_new")'/sum(st_matrix("tot_new
> ")))
. mata: st_local("totalnew",strofreal(sum(st_matrix("tot_new")),"%20.5f"))
. mata: st_numscalar("TN1",sum(st_matrix("tot_new")))
. mat mean_`nw_name'c = mean_`nw_name'[2...,1]
. 
. *===========================================================================
. * 3. constrains
. *===========================================================================
. capture drop sort
. gsort `hhd_id' -`mem_rel'
. gen long sort = _n 
. bysort `hhd_id' (sort): gen byte _first = (_n == 1) 
. 
. 
. capture drop aux
. gen aux = 1 
. egen _hhsize = sum(aux), by(`hhd_id')
. 
. 
. * I use this expression in case individuals have different weights in the hou
> sehold
. * Within the household
. bysort `hhd_id' (sort): gen double _sumw_`nw_name' = sum(`prior_wgt')    
. bysort `hhd_id' (sort): replace    _sumw_`nw_name' = _sumw_`nw_name'[_N] 
. 
. foreach x of varlist `caliblist' {
  2.     bysort `hhd_id' (sort): gen double m_`nw_name'_`x' = sum(`x' * `prior_
> wgt' ) 
  3.     bysort `hhd_id' (sort): replace    m_`nw_name'_`x' = m_all_`x'[_N]/_su
> mw_`nw_name'
  4.         loc recaliblist `recaliblist' m_`nw_name'_`x'
  5. }
. 
. * add n-1 restrictions
. loc first: word 1 of `recaliblist'
. loc recaliblist: list recaliblist - first
. mat rownames mean_`nw_name'c = `recaliblist'
. 
. loc nw_name = "all"
. loc mem_rel  "h_head"
. tempvar factor_`nw_name'
. loc varlist: rownames(mean_`nw_name'c)
. mata: st_local("totalnew",strofreal(sum(st_matrix("tot_new")),"%20.5f"))
. 
. noi di "maxentropy `varlist' if `mem_rel' == 1, matrix(mean_`nw_name'c) prior
> (`prior_wgt') generate(`factor_`nw_name'') total(`totalnew')"
. maxentropy `varlist' if `mem_rel' == 1, matrix(mean_`nw_name'c) prior(`prior_
> wgt') generate(`factor_`nw_name'') total(`totalnew')
. 
. bysort `hhd_id' (sort): gen `nw_name'_wgt = `prior_wgt' * `factor_`nw_name''[
> 1]/_sumw_`nw_name'
. la var `nw_name'_wgt "Simulated `nw_name' weights"
. 
. drop aux* psuhid groupvar age_groups
. 
. //gen fexp_s = fexp
. //label var fexp_s "weight -$scenario"
. 
. rename  all_wgt fexp_s 
. 
. 
. }

. 
. 
. if $weights == 0 {
.     
.         sum wgt [w = wgt]
(analytic weights assumed)

    Variable |     Obs      Weight        Mean   Std. dev.       Min        Max
-------------+-----------------------------------------------------------------
         wgt |  61,849   165687181    4160.661   1958.489   411.2634   8718.561
.         sca var0 = r(sum_w)
.         sca var1 = growth_pop_wdi[1,1]
.         sca ratio_pop = var1/var0
.         gen fexp_s = round(`prior_wgt'* ratio_pop)
.         
.         * Check
.         sum fexp_s [w = fexp_s]
(analytic weights assumed)

    Variable |     Obs      Weight        Mean   Std. dev.       Min        Max
-------------+-----------------------------------------------------------------
      fexp_s |  61,849   167395587    4203.459   1978.766        416       8809
.         if abs(r(sum_w) - growth_pop_wdi[1,1]) > 1000000 di in red "WARNING: 
> Population differs in more than a million people with WDI."
.         
.         
.         * Another way to adjust but keeping all decimal positions.
.         /*sum fexp_s [w = fexp_s]
>         if abs(r(sum_w) - growth_pop_wdi[1,1]) != 0 {
>             sum fexp_s [w = fexp_s]
>                 sca var0 = r(sum_w) - growth_pop_wdi[1,1]
>                 sca var1 = growth_pop_wdi[1,1]
>                 sca ratio_pop = var0/var1
>                 replace fexp_s = fexp_s * (1 + ratio_pop)
>         }*/
. 
. }

. 
. *===========================================================================
. *                                     END
. *===========================================================================
. 
end of do-file

. *!v1.0
. *============================================================================
> =
. * TITLE: 06 - Simulating changes in the labor force participation rate
. *===========================================================================
. * Prepared by: Sergio Olivieri
. * E-mail: solivieri@worldbank.org
. *============================================================================
> =
. * Created on : Mar 17, 2020
. * Last update: Jan 04, 2021
. *                          Aug 09, 2022 Kelly Y. Montoya minor corrections an
> d warnings.
. *============================================================================
> =
. 
. *============================================================================
> =
. 
. * sample labor force 
. gen lf_samp = (active ==1) if sample==1
(17,415 missing values generated)

. sum lf_samp [aw = wgt] 

    Variable |     Obs      Weight        Mean   Std. dev.       Min        Max
-------------+-----------------------------------------------------------------
     lf_samp |  44,434   119100762    .4654076   .4988075          0          1

. 
. * goal
. note: this procedure changes the labor market structure (% inactivity, unempl
> oyment, employment by sector) according to elasticities.

. mat activity = J(1,1,r(mean))

. mat activity = r(mean)*(1 + growth_labor[1,1])

. mat list activity

symmetric activity[1,1]
          c1
r1  .4571312

. 
. * allocate individuals according to their utility of being inactive
. *clonevar  active_s = lf_samp
. clonevar  active_s = active

. clonevar U0 = U0_1 
(52,623 missing values generated)

. replace  U0 = U0_2 if U0 == .
(12,613 real changes made)

. gsort -active_s U0 hhid 

. cap drop aux*

. 
. qui sum fexp_s                               if sample == 1 & lf_samp != . 

. gen double aux = sum(fexp_s)/r(sum)  if sample == 1 & lf_samp != . 
(17,415 missing values generated)

. replace active_s = 1    if aux <= (activity[1,1] + 10^(-23)) & sample == 1 & 
> lf_samp !=. 
(0 real changes made)

. replace active_s = 0    if aux >  (activity[1,1] + 10^(-23)) & sample == 1 & 
> lf_samp !=. 
(800 real changes made)

. 
. * check
. sum lf_samp  [aw = wgt]   if sample == 1 

    Variable |     Obs      Weight        Mean   Std. dev.       Min        Max
-------------+-----------------------------------------------------------------
     lf_samp |  44,434   119100762    .4654076   .4988075          0          1

. scalar v0 = r(mean)

. sum active_s [aw = fexp_s] if sample == 1

    Variable |     Obs      Weight        Mean   Std. dev.       Min        Max
-------------+-----------------------------------------------------------------
    active_s |  44,434   120329030    .4571309   .4981645          0          1

. scalar v1 = r(mean)

. 
. di scalar(v1)/scalar(v0)-1
-.01778377

. mat list growth_labor

growth_labor[8,1]
          rate
r1  -.01778312
r2  -.11077523
r3  -.02811961
r4  -.02811961
r5  -.00081903
r6   .02493667
r7    .0218013
r8   .00856453

. 
. if abs( round((scalar(v1)/scalar(v0)-1),.005) - round(growth_labor[1,1],.005)
>  ) != 0 {
.         di in red "WARNING: New active population doesn´t match growth rate."
.         break
. }

. 
. cap drop aux*

. *============================================================================
> =
. *                                     END
. *============================================================================
> =
. 
end of do-file

. *!v1.0
. *============================================================================
> =
. * TITLE: 07 - Simulating changes in the unemployment rate
. *===========================================================================
. * Prepared by: Sergio Olivieri
. * E-mail: solivieri@worldbank.org
. *============================================================================
> =
. * Created on : Mar 17, 2020
. * Last update: Jan 04, 2021
. *                          Aug 09, 2022 Kelly Y. Montoya minor corrections an
> d warnings.
. *============================================================================
> =
. 
. *============================================================================
> =
. 
. * sample unemployment rate 
. gen     aux = unemplyd / lf_samp 
(41,465 missing values generated)

. sum aux [w = wgt] if lf_samp == 1
(analytic weights assumed)

    Variable |     Obs      Weight        Mean   Std. dev.       Min        Max
-------------+-----------------------------------------------------------------
         aux |  20,384  55430400.1    .0440891    .205298          0          1

. * goal
. mat unemploy = r(mean)*(1 + growth_labor[2,1])

. mat list unemploy

symmetric unemploy[1,1]
           c1
r1  .03920508

. 
. * allocate individuals according to their probability of being unemployed
. *gen    unemplyd_s = unemplyd  if active_s == 1
. clonevar unemplyd_s = unemplyd

. clonevar U10 = U10_1 
(52,623 missing values generated)

. replace  U10 = U10_2 if U10 == .
(12,613 real changes made)

. gsort -unemplyd_s U10 id 

. cap drop aux*

. 
. qui sum fexp_s                              if active_s == 1 

. gen double aux = sum(fexp_s)/r(sum) if active_s == 1 
(41,976 missing values generated)

. 
. replace unemplyd_s = 1                      if aux <= (unemploy[1,1] + epsflo
> at()) & active_s == 1 
(0 real changes made)

. replace unemplyd_s = 0                      if aux >  (unemploy[1,1] + epsflo
> at()) & active_s == 1 
(219 real changes made)

. 
. * simulating: employment status
. *gen     emplyd_s = emplyd  if active_s  == 1
. clonevar emplyd_s = emplyd

. replace emplyd_s = 1       if unemplyd_s == 0 & active_s == 1
(226 real changes made)

. replace emplyd_s = 0       if unemplyd_s == 1 & active_s == 1
(0 real changes made)

. tab emplyd_s active_s

           |       active_s
  emplyd_s |         0          1 |     Total
-----------+----------------------+----------
         0 |    39,232        765 |    39,997 
         1 |     2,744     19,108 |    21,852 
-----------+----------------------+----------
     Total |    41,976     19,873 |    61,849 

. 
. * check 
. capt drop aux

. gen     aux = unemplyd / lf_samp 
(41,465 missing values generated)

. sum aux [w = wgt] if lf_samp == 1 
(analytic weights assumed)

    Variable |     Obs      Weight        Mean   Std. dev.       Min        Max
-------------+-----------------------------------------------------------------
         aux |  20,384  55430400.1    .0440891    .205298          0          1

. scalar v0 = r(mean)

. 
. cap drop aux

. gen     aux = unemplyd_s / active_s 
(41,976 missing values generated)

. sum aux [w = fexp_s] if active_s == 1 
(analytic weights assumed)

    Variable |     Obs      Weight        Mean   Std. dev.       Min        Max
-------------+-----------------------------------------------------------------
         aux |  19,873    55794788    .0391974   .1940693          0          1

. scalar v1 = r(mean)

. 
. di scalar(v1)/scalar(v0)-1
-.11094891

. mat list growth_labor

growth_labor[8,1]
          rate
r1  -.01778312
r2  -.11077523
r3  -.02811961
r4  -.02811961
r5  -.00081903
r6   .02493667
r7    .0218013
r8   .00856453

. 
. if abs( round((scalar(v1)/scalar(v0)-1),.005) - round(growth_labor[2,1],.005)
>  ) != 0 {
.         di in red "WARNING: New active population doesn´t match growth rate."
.         break
. }

. 
. drop aux*

. *============================================================================
> =
. *                                     END
. *============================================================================
> =
. 
end of do-file

. *!v1.0
. *===========================================================================
. * TITLE: 08 - Simulating changes in the employment structure
. *===========================================================================
. * Prepared by: Sergio Olivieri
. * E-mail: solivieri@worldbank.org
. *===========================================================================
. * Created on : Mar 17, 2020
. * Last update: Jan 04, 2021
. *                          Aug 10, 2022 Kelly Y. Montoya Changed estructure s
> ectoral matrix line 293.
. *                          Aug 11, 2022 Kelly Y. Montoya Changed informality 
> simulation and added checks for estructure and informality.
. *===========================================================================
. 
. note: those with public jobs do not change between sectors

. 
. *===========================================================================
. * I. MISCELLANEOUS TASKS  
. *===========================================================================
. 
. * public sector fixed
. clonevar public   = public_job
(40,223 missing values generated)

. 
. * number of sectors
. clonevar sectorg = sect_main
(40,522 missing values generated)

. 
. sum sectorg

    Variable |        Obs        Mean    Std. dev.       Min        Max
-------------+---------------------------------------------------------
     sectorg |     21,327    3.846861     1.59241          1          6

. loc lim = r(max)

. 
. * employment structure 
. mat sector     = J(`lim',1,.)

. mat sect_prv   = J(`lim',1,.)

. mat sect_pub   = J(`lim',1,.)

. 
. mat sector_s   = J(`lim',1,.)

. mat sect_prv_s = J(`lim',1,.)

. mat sect_pub_s = J(`lim',1,.)

. 
. forvalues a = 1/`lim' {
  2.         
.         * base year 
.         sum wgt if sample == 1 & emplyd == 1 & sectorg == `a' 
  3.         mat sector[`a',1]   = r(sum)
  4. 
.         sum wgt if sample == 1 & emplyd == 1 & sectorg == `a' & public == 0 
  5.         mat sect_prv[`a',1]   = r(sum)
  6.         
.         sum wgt if sample == 1 & emplyd == 1 & sectorg == `a' & public == 1
  7.         mat sect_pub[`a',1]   = r(sum)
  8.         
.         * simulated
.         sum fexp_s if sample == 1 & emplyd_s == 1 & sectorg == `a' 
  9.         mat sector_s[`a',1] = r(sum)
 10. 
.         sum fexp_s if sample == 1 & emplyd_s == 1 & sectorg == `a' & public =
> = 0 
 11.         mat sect_prv_s[`a',1] = r(sum)
 12. 
.         sum fexp_s if sample == 1 & emplyd_s == 1 & sectorg == `a' & public =
> = 1 
 13.         mat sect_pub_s[`a',1] = r(sum)
 14. }

    Variable |        Obs        Mean    Std. dev.       Min        Max
-------------+---------------------------------------------------------
         wgt |        939    3082.417    1801.169   411.2634   8718.561

    Variable |        Obs        Mean    Std. dev.       Min        Max
-------------+---------------------------------------------------------
         wgt |        934    3090.396    1800.212   411.2634   8718.561

    Variable |        Obs        Mean    Std. dev.       Min        Max
-------------+---------------------------------------------------------
         wgt |          5    1591.936    1437.944   411.2634   3612.648

    Variable |        Obs        Mean    Std. dev.       Min        Max
-------------+---------------------------------------------------------
      fexp_s |        939    3114.095    1819.649        416       8809

    Variable |        Obs        Mean    Std. dev.       Min        Max
-------------+---------------------------------------------------------
      fexp_s |        934    3122.154    1818.684        416       8809

    Variable |        Obs        Mean    Std. dev.       Min        Max
-------------+---------------------------------------------------------
      fexp_s |          5      1608.6    1452.533        416       3650

    Variable |        Obs        Mean    Std. dev.       Min        Max
-------------+---------------------------------------------------------
         wgt |      5,232    2978.101    1640.055   411.2634   8718.561

    Variable |        Obs        Mean    Std. dev.       Min        Max
-------------+---------------------------------------------------------
         wgt |      5,212    2985.474    1638.455   411.2634   8718.561

    Variable |        Obs        Mean    Std. dev.       Min        Max
-------------+---------------------------------------------------------
         wgt |         20    1056.769    607.6478   475.7301   2718.986

    Variable |        Obs        Mean    Std. dev.       Min        Max
-------------+---------------------------------------------------------
      fexp_s |      5,232    3008.718    1656.849        416       8809

    Variable |        Obs        Mean    Std. dev.       Min        Max
-------------+---------------------------------------------------------
      fexp_s |      5,212    3016.166    1655.233        416       8809

    Variable |        Obs        Mean    Std. dev.       Min        Max
-------------+---------------------------------------------------------
      fexp_s |         20      1067.8    613.7984        481       2747

    Variable |        Obs        Mean    Std. dev.       Min        Max
-------------+---------------------------------------------------------
         wgt |      3,582    2868.485    2191.247   411.2634   8718.561

    Variable |        Obs        Mean    Std. dev.       Min        Max
-------------+---------------------------------------------------------
         wgt |      3,519    2876.612    2193.157   411.2634   8718.561

    Variable |        Obs        Mean    Std. dev.       Min        Max
-------------+---------------------------------------------------------
         wgt |         63      2414.5    2047.147   411.2634   8057.709

    Variable |        Obs        Mean    Std. dev.       Min        Max
-------------+---------------------------------------------------------
      fexp_s |      3,582    2898.098    2213.812        416       8809

    Variable |        Obs        Mean    Std. dev.       Min        Max
-------------+---------------------------------------------------------
      fexp_s |      3,519    2906.309    2215.741        416       8809

    Variable |        Obs        Mean    Std. dev.       Min        Max
-------------+---------------------------------------------------------
      fexp_s |         63    2439.476    2068.226        416       8141

    Variable |        Obs        Mean    Std. dev.       Min        Max
-------------+---------------------------------------------------------
         wgt |      1,987    2978.173    2193.334   411.2634   8718.561

    Variable |        Obs        Mean    Std. dev.       Min        Max
-------------+---------------------------------------------------------
         wgt |      1,908    3010.822    2204.033   411.2634   8718.561

    Variable |        Obs        Mean    Std. dev.       Min        Max
-------------+---------------------------------------------------------
         wgt |         79    2189.634    1751.084   411.2634   6185.226

    Variable |        Obs        Mean    Std. dev.       Min        Max
-------------+---------------------------------------------------------
      fexp_s |      1,987    3008.936    2215.942        416       8809

    Variable |        Obs        Mean    Std. dev.       Min        Max
-------------+---------------------------------------------------------
      fexp_s |      1,908    3041.919    2226.757        416       8809

    Variable |        Obs        Mean    Std. dev.       Min        Max
-------------+---------------------------------------------------------
      fexp_s |         79    2212.329    1768.999        416       6249

    Variable |        Obs        Mean    Std. dev.       Min        Max
-------------+---------------------------------------------------------
         wgt |      5,577     2541.52    2035.911   411.2634   8718.561

    Variable |        Obs        Mean    Std. dev.       Min        Max
-------------+---------------------------------------------------------
         wgt |      5,185    2581.944     2048.04   411.2634   8718.561

    Variable |        Obs        Mean    Std. dev.       Min        Max
-------------+---------------------------------------------------------
         wgt |        392    2006.832    1786.195   411.2634   8718.561

    Variable |        Obs        Mean    Std. dev.       Min        Max
-------------+---------------------------------------------------------
      fexp_s |      5,577    2567.752    2056.839        416       8809

    Variable |        Obs        Mean    Std. dev.       Min        Max
-------------+---------------------------------------------------------
      fexp_s |      5,185     2608.59    2069.093        416       8809

    Variable |        Obs        Mean    Std. dev.       Min        Max
-------------+---------------------------------------------------------
      fexp_s |        392    2027.594    1804.558        416       8809

    Variable |        Obs        Mean    Std. dev.       Min        Max
-------------+---------------------------------------------------------
         wgt |      4,010    2318.446    2036.428   411.2634   8718.561

    Variable |        Obs        Mean    Std. dev.       Min        Max
-------------+---------------------------------------------------------
         wgt |      3,218    2441.775    2071.936   411.2634   8718.561

    Variable |        Obs        Mean    Std. dev.       Min        Max
-------------+---------------------------------------------------------
         wgt |        792    1817.345    1801.581   411.2634   8057.709

    Variable |        Obs        Mean    Std. dev.       Min        Max
-------------+---------------------------------------------------------
      fexp_s |      4,010    2342.443    2057.366        416       8809

    Variable |        Obs        Mean    Std. dev.       Min        Max
-------------+---------------------------------------------------------
      fexp_s |      3,218    2467.036    2093.244        416       8809

    Variable |        Obs        Mean    Std. dev.       Min        Max
-------------+---------------------------------------------------------
      fexp_s |        792    1836.207    1820.089        416       8141

. 
. * employment matrix goals 
. loc row_tot = rowsof(growth_labor)

. local lim =6

. mat growth_estru = growth_labor[3..`row_tot',1]

. 
. mata: st_mat("growth_estru", "sector", 1,`lim')

. mat sector = sector , sector_mata

. mata: st_gr("sector_s", "shares_mata")

. 
. * re-weighting the shares 
. sum fexp_s if emplyd_s == 1 & sample == 1

    Variable |        Obs        Mean    Std. dev.       Min        Max
-------------+---------------------------------------------------------
      fexp_s |     21,498    2746.539    2015.375        416       8809

. ret li

scalars:
                  r(N) =  21498
              r(sum_w) =  21498
               r(mean) =  2746.539305981952
                r(Var) =  4061735.009875166
                 r(sd) =  2015.374657445897
                r(min) =  416
                r(max) =  8809
                r(sum) =  59045102

. mata: st_repond_1("shares_mata", "growth_estru", 2, `r(sum)', "sector_rep")

. 
. * sector dummies: identifying employed individuals who already have sector an
> d those who do not
. forvalues s = 1/`lim' {
  2.         gen d_act`s'     = cond(sectorg == `s',1,0) if sample == 1 & emply
> d_s == 1
  3.         gen d_act`s'_sim = d_act`s'                  
  4. }
(40,351 missing values generated)
(40,351 missing values generated)
(40,351 missing values generated)
(40,351 missing values generated)
(40,351 missing values generated)
(40,351 missing values generated)
(40,351 missing values generated)
(40,351 missing values generated)
(40,351 missing values generated)
(40,351 missing values generated)
(40,351 missing values generated)
(40,351 missing values generated)

. 
. order d_act*_sim

. 
. * This is only for those who belongs to the employment in both moments
. egen    changed = rsum(d_act1_sim - d_act`lim'_sim) if emplyd_s == 1 & emplyd
>  == 1 & sample  == 1
(40,522 missing values generated)

. tab     changed

    changed |      Freq.     Percent        Cum.
------------+-----------------------------------
          1 |     21,327      100.00      100.00
------------+-----------------------------------
      Total |     21,327      100.00

. 
. 
. *===========================================================================
. *II. SECTORS WHICH REDUCED THEIR EMPLOYMENT LEVELS
. *===========================================================================
. * Mata rutine which orders sectors in ascending way 
. mata: st_order("growth_estru_n", 1, 2, "aux")

. 
. dis in red "SECTORS WHICH REDUCED THEIR EMPLOYMENT LEVELS"
SECTORS WHICH REDUCED THEIR EMPLOYMENT LEVELS

. 
. forvalues r = 1/`lim' {
  2.         
.         *drop jobs from decreasing sectors 
.         if aux[`r',2] < 0 {
  3. 
.                 *identifies the sector          
.                 loc s = aux[`r',1] 
  4.                 dis in red "economic sector `s'"
  5.                 
.                 *orders the population according to: activity, probability, h
> hd id and ind id 
.                 loc p = `s' + 10
  6.                 noi di "Sector `s' Occupation `p'"
  7.                 clonevar P`s' = U`p'_1 
  8.                 replace  P`s' = U`p'_2 if P`s' == .
  9.                 
.                 gsort  -d_act`s'_sim -P`s' id -public
 10.                 capture drop aux
 11.                 gen     aux = sum(fexp_s) if emplyd_s == 1 & emplyd == 1 &
>  d_act`s'_sim == 1                                                 
 12.                 replace d_act`s'_sim = 0  if emplyd_s == 1 & emplyd == 1 &
>  d_act`s'_sim == 1 & (aux > sector_rep[`s',1] ) 
 13.                 
.                 drop aux changed
 14.                 egen    changed = rsum(d_act1_sim - d_act`lim'_sim) if emp
> lyd_s == 1 & emplyd == 1 & sample  == 1 
 15.         }
 16. }
economic sector 2
Sector 2 Occupation 12
(52,623 missing values generated)
(12,613 real changes made)
(56,617 missing values generated)
(218 real changes made)
(40,522 missing values generated)
economic sector 1
Sector 1 Occupation 11
(52,623 missing values generated)
(12,613 real changes made)
(60,910 missing values generated)
(40 real changes made)
(40,522 missing values generated)
economic sector 3
Sector 3 Occupation 13
(52,623 missing values generated)
(12,613 real changes made)
(58,267 missing values generated)
(0 real changes made)
(40,522 missing values generated)

. 
. *===========================================================================
. *II. SECTORS WHICH INCREASE THEIR EMPLOYMENT LEVELS
. *===========================================================================
. * Mata routine which orders sectors in descending way
. mata: st_order("growth_estru_n", 1, -2, "aux")

. 
. * Employed ranking(t): 1- employed(t-1) and changed sector; 2- unemployed(t-1
> ); 3- inactives(t-1)
. gen     rank$t =.
(61,849 missing values generated)

. replace rank$t = 1 if emplyd_s == 1 & emplyd  == 1 & changed == 0
(258 real changes made)

. replace rank$t = 2 if emplyd_s == 1 & unemplyd == 1 
(219 real changes made)

. replace rank$t = 3 if emplyd_s == 1 & lf_samp  == 0
(1,927 real changes made)

. 
. dis in red "SECTORS WHICH INCREASED THEIR EMPLOYMENT LEVELS"
SECTORS WHICH INCREASED THEIR EMPLOYMENT LEVELS

. 
. forvalues r = 1/`lim'   {
  2. 
.         * Asign a job to increasing sectors
.         if aux[`r',2]>=0        {
  3.         
.                 * Identifies the sector         
.                 loc s = aux[`r',1] 
  4.                 dis in red "economic sector `s'"
  5. 
.                 loc p = `s' + 10
  6.                 noi di "Sector `s' Occupation `p'"
  7.                 clonevar P`s' = U`p'_1 
  8.                 replace  P`s' = U`p'_2 if P`s' == .
  9.                 
.                 gsort -d_act`s'_sim rank$t -P`s' id 
 10. 
.                 gen aux = sum(fexp_s)       if (d_act`s'_sim == 1 | rank$t !=
>  .)                                                           
 11.                 replace d_act`s'_sim = 1        if  d_act`s'_sim == 0 & ra
> nk$t != .  & (aux <= sector_rep[`s',1]) 
 12. 
.                 drop changed aux
 13.                 egen    changed = rsum(d_act1_sim - d_act`lim'_sim) if emp
> lyd_s == 1 & sample  == 1
 14.                 sum     changed
 15.                                 
.                 replace rank$t = . if changed == 1 & emplyd_s == 1 & emplyd  
> == 1
 16.                 replace rank$t = . if changed == 1 & emplyd_s == 1 & unemp
> lyd == 1
 17.                 replace rank$t = . if changed == 1 & emplyd_s == 1 & lf_sa
> mp  == 0 
 18.         }
 19. }
economic sector 4
Sector 4 Occupation 14
(52,623 missing values generated)
(12,613 real changes made)
(57,471 missing values generated)
(131 real changes made)
(40,351 missing values generated)

    Variable |        Obs        Mean    Std. dev.       Min        Max
-------------+---------------------------------------------------------
     changed |     21,498    .9861382    .1169198          0          1
(2,058 real changes made, 2,058 to missing)
(0 real changes made)
(0 real changes made)
economic sector 5
Sector 5 Occupation 15
(52,623 missing values generated)
(12,613 real changes made)
(55,926 missing values generated)
(216 real changes made)
(40,351 missing values generated)

    Variable |        Obs        Mean    Std. dev.       Min        Max
-------------+---------------------------------------------------------
     changed |     21,498    .9961857    .0616436          0          1
(127 real changes made, 127 to missing)
(89 real changes made, 89 to missing)
(0 real changes made)
economic sector 6
Sector 6 Occupation 16
(52,623 missing values generated)
(12,613 real changes made)
(57,709 missing values generated)
(62 real changes made)
(40,351 missing values generated)

    Variable |        Obs        Mean    Std. dev.       Min        Max
-------------+---------------------------------------------------------
     changed |     21,498    .9990697    .0304877          0          1
(0 real changes made)
(62 real changes made, 62 to missing)
(0 real changes made)

. 
. 
. *===========================================================================
. *III. Allocate sectors for those who were not assigned (by growth rate and sh
> are employment)
. *===========================================================================
. *mata: st_repond("sector","growth_estru" , 2, 1, "sector_shr", "share")
. sum rank$t

    Variable |        Obs        Mean    Std. dev.       Min        Max
-------------+---------------------------------------------------------
        rank |         68           2           0          2          2

. loc mm = r(N)

. dis in red "`mm'"
68

. 
. while (`mm' > 0) {
  2.         forvalues r = 1/`lim'   {
  3.         
.                 loc s = aux[`r',1] 
  4. 
.                 if growth_estru[`s',1]>0        {
  5.         
.                         loc p = shares_mata[`s',2]
  6.                 
.                         di in red "this is p: " "`p'"
  7.                 
.                         gsort -d_act`s'_sim -P`s' id 
  8.                         sum fexp_s                                   if em
> plyd_s == 1 & changed == 0 
  9.                         gen aux = sum(fexp_s)/r(sum) if emplyd_s == 1 & ch
> anged == 0 
 10.                         replace d_act`s'_sim = 1         if emplyd_s == 1 
> & changed == 0 & rank$t !=. & (aux <= `p') 
 11.                 
.                         drop changed aux
 12.                         egen changed = rsum(d_act1_sim - d_act`lim'_sim) i
> f emplyd_s ==1
 13.                         sum  changed
 14. 
.                         replace rank$t =. if changed == 1 & emplyd_s == 1 & e
> mplyd == 1
 15.                         replace rank$t =. if changed == 1 & emplyd_s == 1 
> & unemplyd ==1
 16.                         replace rank$t =. if changed == 1 & emplyd_s == 1 
> & lf_samp == 0
 17.                 }
 18.                 
.                 if growth_estru[`s',1]<0        {
 19.         
.                         loc p = shares_mata[`s',2]
 20.                 
.                         di in red "this is p: " "`p'"
 21.                 
.                         gsort -d_act`s'_sim -P`s' id 
 22.                         sum fexp_s                                      if
>  emplyd_s == 1 & changed == 0 
 23.                         gen aux = sum(fexp_s)/r(sum)    if emplyd_s == 1 &
>  changed == 0 
 24.                         replace d_act`s'_sim = 1                if emplyd_
> s == 1 & changed == 0 & rank$t !=. & (aux <= `p') 
 25.                 
.                         drop changed aux
 26.                         egen changed = rsum(d_act1_sim - d_act`lim'_sim)  
>       if emplyd_s ==1
 27.                         sum  changed
 28. 
.                         replace rank$t =. if changed == 1 & emplyd_s == 1 & e
> mplyd == 1
 29.                         replace rank$t =. if changed == 1 & emplyd_s == 1 
> & unemplyd ==1
 30.                         replace rank$t =. if changed == 1 & emplyd_s == 1 
> & lf_samp == 0
 31.                 }
 32.         }
 33.         
.         sum rank$t
 34.         loc mm = r(N)
 35.         di in red "there are `mm' observations left"
 36.         if `mm' < 102 loc mm = 0        
 37.         note: adjust in case it doesn´t converge, increase the 16. 
 38. }
this is p: .1043216478179108

    Variable |        Obs        Mean    Std. dev.       Min        Max
-------------+---------------------------------------------------------
      fexp_s |         20     2509.75    1416.081        867       3853
(61,829 missing values generated)
(1 real change made)
(39,997 missing values generated)

    Variable |        Obs        Mean    Std. dev.       Min        Max
-------------+---------------------------------------------------------
     changed |     21,852    .9829306    .1295329          0          1
(0 real changes made)
(1 real change made, 1 to missing)
(0 real changes made)
this is p: .2491094415707734

    Variable |        Obs        Mean    Std. dev.       Min        Max
-------------+---------------------------------------------------------
      fexp_s |        373    2687.279    1972.836        416       8141
(61,476 missing values generated)
(19 real changes made)
(39,997 missing values generated)

    Variable |        Obs        Mean    Std. dev.       Min        Max
-------------+---------------------------------------------------------
     changed |     21,852    .9838001    .1262465          0          1
(0 real changes made)
(19 real changes made, 19 to missing)
(0 real changes made)
this is p: .1612778305862237

    Variable |        Obs        Mean    Std. dev.       Min        Max
-------------+---------------------------------------------------------
      fexp_s |        354    2700.602     1998.88        416       8141
(61,495 missing values generated)
(0 real changes made)
(39,997 missing values generated)

    Variable |        Obs        Mean    Std. dev.       Min        Max
-------------+---------------------------------------------------------
     changed |     21,852    .9838001    .1262465          0          1
(0 real changes made)
(0 real changes made)
(0 real changes made)
this is p: .1765842077391323

    Variable |        Obs        Mean    Std. dev.       Min        Max
-------------+---------------------------------------------------------
      fexp_s |        354    2700.602     1998.88        416       8141
(61,495 missing values generated)
(0 real changes made)
(39,997 missing values generated)

    Variable |        Obs        Mean    Std. dev.       Min        Max
-------------+---------------------------------------------------------
     changed |     21,852    .9838001    .1262465          0          1
(0 real changes made)
(0 real changes made)
(0 real changes made)
this is p: .0483837315781203

    Variable |        Obs        Mean    Std. dev.       Min        Max
-------------+---------------------------------------------------------
      fexp_s |        354    2700.602     1998.88        416       8141
(61,495 missing values generated)
(0 real changes made)
(39,997 missing values generated)

    Variable |        Obs        Mean    Std. dev.       Min        Max
-------------+---------------------------------------------------------
     changed |     21,852    .9838001    .1262465          0          1
(0 real changes made)
(0 real changes made)
(0 real changes made)
this is p: .2604651248956083

    Variable |        Obs        Mean    Std. dev.       Min        Max
-------------+---------------------------------------------------------
      fexp_s |        354    2700.602     1998.88        416       8141
(61,495 missing values generated)
(0 real changes made)
(39,997 missing values generated)

    Variable |        Obs        Mean    Std. dev.       Min        Max
-------------+---------------------------------------------------------
     changed |     21,852    .9838001    .1262465          0          1
(0 real changes made)
(0 real changes made)
(0 real changes made)

    Variable |        Obs        Mean    Std. dev.       Min        Max
-------------+---------------------------------------------------------
        rank |         48           2           0          2          2
there are 48 observations left

. 
. drop changed rank$t

. 
. *===========================================================================
. * Creates new activity
. *===========================================================================
. gen act$t = .
(61,849 missing values generated)

. forvalues s = 1/`lim'   {
  2.         replace act$t = `s' if d_act`s'_sim == 1 &  act$t == .
  3.         }
(899 real changes made)
(5,014 real changes made)
(3,582 real changes made)
(2,119 real changes made)
(5,812 real changes made)
(4,072 real changes made)

. drop d_act*

. 
. 
. * new main labor sector 
.         gen           sect_main_s = .
(61,849 missing values generated)

.         replace   sect_main_s =  1 if act$t == 1
(899 real changes made)

.         replace   sect_main_s =  2 if act$t == 2 
(5,014 real changes made)

.         replace   sect_main_s =  3 if act$t == 3
(3,582 real changes made)

.         replace   sect_main_s =  4 if act$t == 4
(2,119 real changes made)

.         replace   sect_main_s =  5 if act$t == 5
(5,812 real changes made)

.         replace   sect_main_s =  6 if act$t == 6
(4,072 real changes made)

.         replace   sect_main_s = sectorg if sect_main_s== . & sample == . & em
> plyd_s == 1
(0 real changes made)

.         label var sect_main_s "economic sector simulated"

.         
.         *recode sect_main6_s (1 2 = 1) (3 4 = 2) (5 6 = 3), gen(sect_main_s)
.         *label values sect_main_s sector
.         *ADD labels!
.         
.         
. * new occupation status
.         gen     occupation_s = .
(61,849 missing values generated)

.         replace occupation_s = 0  if  active_s    == 0 & sample == 1
(24,850 real changes made)

.         replace occupation_s = 10 if  unemplyd_s  == 1 & sample == 1
(813 real changes made)

.         replace occupation_s = 11 if  sect_main_s == 1 & sample == 1
(899 real changes made)

.         replace occupation_s = 12 if  sect_main_s == 2 & sample == 1
(5,014 real changes made)

.         replace occupation_s = 13 if  sect_main_s == 3 & sample == 1
(3,582 real changes made)

.         replace occupation_s = 14 if  sect_main_s == 4 & sample == 1
(2,119 real changes made)

.         replace occupation_s = 15 if  sect_main_s == 5 & sample == 1
(5,812 real changes made)

.         replace occupation_s = 16 if  sect_main_s == 6 & sample == 1
(4,072 real changes made)

. 
.         label var    occupation_s "occupation status - simulated"

.         label values occupation_s occupation

. 
. 
. 
. *===========================================================================
. * Creates the structure sectoral matrix
. *===========================================================================
. mat sector   = J(`lim',1,.)

. mat sector_s = J(`lim',1,.)

. 
. forvalues a = 1/`lim' {
  2.         sum wgt if sample == 1 & emplyd == 1 & sectorg == `a'
  3.         mat sector[`a',1]   = r(sum)
  4.  
.         if $m == 1 {
  5.                 sum fexp_s if sample == 1 & emplyd_s == 1 & sect_main_s== 
> `a'
  6.                 mat sector_s[`a',1] = r(sum)
  7.         }
  8.         
.         if $m != 1 {
  9.                 sum fexp_s if sample == 1 & emplyd_s == 1 & sect_main_s== 
> `a'
 10.                 mat sector_s[`a',1] = r(sum)
 11.         }
 12. }

    Variable |        Obs        Mean    Std. dev.       Min        Max
-------------+---------------------------------------------------------
         wgt |        939    3082.417    1801.169   411.2634   8718.561

    Variable |        Obs        Mean    Std. dev.       Min        Max
-------------+---------------------------------------------------------
      fexp_s |        899    3176.915    1820.027        416       8809

    Variable |        Obs        Mean    Std. dev.       Min        Max
-------------+---------------------------------------------------------
         wgt |      5,232    2978.101    1640.055   411.2634   8718.561

    Variable |        Obs        Mean    Std. dev.       Min        Max
-------------+---------------------------------------------------------
      fexp_s |      5,014    3066.466     1652.06        416       8809

    Variable |        Obs        Mean    Std. dev.       Min        Max
-------------+---------------------------------------------------------
         wgt |      3,582    2868.485    2191.247   411.2634   8718.561

    Variable |        Obs        Mean    Std. dev.       Min        Max
-------------+---------------------------------------------------------
      fexp_s |      3,582    2898.098    2213.812        416       8809

    Variable |        Obs        Mean    Std. dev.       Min        Max
-------------+---------------------------------------------------------
         wgt |      1,987    2978.173    2193.334   411.2634   8718.561

    Variable |        Obs        Mean    Std. dev.       Min        Max
-------------+---------------------------------------------------------
      fexp_s |      2,119    2907.911    2188.456        416       8809

    Variable |        Obs        Mean    Std. dev.       Min        Max
-------------+---------------------------------------------------------
         wgt |      5,577     2541.52    2035.911   411.2634   8718.561

    Variable |        Obs        Mean    Std. dev.       Min        Max
-------------+---------------------------------------------------------
      fexp_s |      5,812     2538.34    2037.755        416       8809

    Variable |        Obs        Mean    Std. dev.       Min        Max
-------------+---------------------------------------------------------
         wgt |      4,010    2318.446    2036.428   411.2634   8718.561

    Variable |        Obs        Mean    Std. dev.       Min        Max
-------------+---------------------------------------------------------
      fexp_s |      4,072    2337.454    2048.534        416       8809

. 
. mat growth_estru = growth_labor[3..`row_tot',1]

. mata: st_mat("growth_estru", "sector", 1,`lim')

. mat sector = sector , sector_mata

. 
. mat list sector

sector[6,2]
           c1         c1
r1  2894389.5  2813000.4
r2   15581426   15143282
r3   10274913   10266497
r4  5917630.4  6065196.4
r5   14174057   14483070
r6  9296969.6  9376593.8

. mat list sector_s 

sector_s[6,1]
          c1
r1   2856047
r2  15375261
r3  10380987
r4   6161863
r5  14752830
r6   9518114

. 
. * including those out of sample
. replace unemplyd_s   = unemplyd if sample == .
(48 real changes made)

. replace emplyd_s     = emplyd   if sample == .
(55 real changes made)

. replace active_s     = lf_samp  if sample == .
(17,415 real changes made, 17,415 to missing)

. replace sect_main_s = sectorg  if sect_main_s== . & sample == . & emplyd_s ==
>  1
(0 real changes made)

. 
. * check new sectoral structure 
. clonevar sectorg_s = sect_main_s 
(40,351 missing values generated)

. local lim = 6

. forvalues a = 1/`lim' {
  2.         
.         capt drop aux
  3.         gen aux = sectorg == `a' if sample == 1 & sectorg != .
  4.         sum aux [w = wgt] if lf_samp == 1
  5.         scalar v0 = r(mean)
  6.                 
.         capt drop aux
  7.         gen aux = sectorg_s == `a' if sample == 1 & sectorg_s != .
  8.         sum aux [w = fexp_s] if active_s == 1
  9.         scalar v1 = r(mean)
 10.         
.         if abs( round((scalar(v1)/scalar(v0)-1),.005) - round(growth_estru[`a
> ',1],.005) ) > 0.01 {
 11.                 di in red "WARNING: New sectoral estructure doesn´t match 
> growth rates."
 12.                 break
 13.         }       
 14. }
(40,522 missing values generated)

    Variable |     Obs      Weight        Mean   Std. dev.       Min        Max
-------------+-----------------------------------------------------------------
         aux |  19,400    52986526    .0543885   .2267886          0          1
(40,351 missing values generated)

    Variable |     Obs      Weight        Mean   Std. dev.       Min        Max
-------------+-----------------------------------------------------------------
         aux |  18,861    52951590    .0531424   .2243233          0          1
(40,522 missing values generated)

    Variable |     Obs      Weight        Mean   Std. dev.       Min        Max
-------------+-----------------------------------------------------------------
         aux |  19,400    52986526     .291298   .4543722          0          1
(40,351 missing values generated)

    Variable |     Obs      Weight        Mean   Std. dev.       Min        Max
-------------+-----------------------------------------------------------------
         aux |  18,861    52951590    .2862582   .4520235          0          1
WARNING: New sectoral estructure doesn´t match growth rates.
(40,522 missing values generated)

    Variable |     Obs      Weight        Mean   Std. dev.       Min        Max
-------------+-----------------------------------------------------------------
         aux |  19,400    52986526    .1932398   .3948496          0          1
(40,351 missing values generated)

    Variable |     Obs      Weight        Mean   Std. dev.       Min        Max
-------------+-----------------------------------------------------------------
         aux |  18,861    52951590    .1933755   .3949553          0          1
(40,522 missing values generated)

    Variable |     Obs      Weight        Mean   Std. dev.       Min        Max
-------------+-----------------------------------------------------------------
         aux |  19,400    52986526    .1112598   .3144617          0          1
(40,351 missing values generated)

    Variable |     Obs      Weight        Mean   Std. dev.       Min        Max
-------------+-----------------------------------------------------------------
         aux |  18,861    52951590     .112142   .3155494          0          1
WARNING: New sectoral estructure doesn´t match growth rates.
(40,522 missing values generated)

    Variable |     Obs      Weight        Mean   Std. dev.       Min        Max
-------------+-----------------------------------------------------------------
         aux |  19,400    52986526    .1953846   .3965067          0          1
(40,351 missing values generated)

    Variable |     Obs      Weight        Mean   Std. dev.       Min        Max
-------------+-----------------------------------------------------------------
         aux |  18,861    52951590    .1992102    .399417          0          1
(40,522 missing values generated)

    Variable |     Obs      Weight        Mean   Std. dev.       Min        Max
-------------+-----------------------------------------------------------------
         aux |  19,400    52986526    .1544292    .361369          0          1
(40,351 missing values generated)

    Variable |     Obs      Weight        Mean   Std. dev.       Min        Max
-------------+-----------------------------------------------------------------
         aux |  18,861    52951590    .1558718   .3627434          0          1

. 
. drop aux*

. 
. /*
> 
> *===========================================================================
> * Informality rates by economic sector
> *===========================================================================
> 
> * Creating a new informal variable
> cap drop informal_s
> 
> if $m == 1 {
>         
>         gen      informal_s = informal if emplyd_s == 1
> 
>         * random numbers
>         capture drop aleat_inf
>         set seed 12345678
>         gen aleat_inf = uniform() if sample == 1 
> 
>         * in and out of informality
>         sum sect_main
>         loc lim = r(max)
> 
>         * Creates the structure sectoral matrix - targets
>         mat informal      = J(`lim',1,.)
> 
>         forvalues a = 1/`lim' {
>                 sum informal [w = wgt] if lf_samp == 1 & emplyd == 1 & sect_m
> ain == `a' 
>                 mat informal[`a',1] = r(mean)*(1 + growth_informal[`a',1])
>         }
> 
>         * Allocate individuals according to their probability of being employ
> ed
>         gsort  sect_main_s -informal_s aleat_inf id 
> 
>         forvalues i = 1/`lim' {
>       
>                 qui sum fexp_s if active_s == 1 & sect_main_s == `i'
>                 gen double aux = sum(fexp_s)/r(sum) if emplyd_s == 1 & sect_m
> ain_s == `i'
>                 replace informal_s = 1 if aux <= (informal[`i',1] + epsfloat(
> )) & emplyd_s == 1 & sect_main_s == `i'
>                 replace informal_s = 0 if aux >  (informal[`i',1] + epsfloat(
> )) & emplyd_s == 1 & sect_main_s == `i'
>                 drop aux*
> 
>         }
> }
> 
> if $m != 1 {
>         
>         gen     informal_s = 1 if (sect_main6_s == 2 | sect_main6_s== 4 | sec
> t_main6_s== 6) & emplyd_s == 1
>         
>         replace informal_s = 0 if (sect_main6_s == 1 | sect_main6_s== 3 | sec
> t_main6_s== 5) & emplyd_s == 1
> }
> 
> 
> * Check new informal rates
> sum sect_main
> loc lim_inf = r(max)
> forvalues a = 1/`lim_inf' {
>                 
>         capt drop aux
>         gen aux = informal / lf_samp if sample == 1
>         sum aux [w = wgt] if lf_samp == 1 & sect_main == `a'
>         scalar v0 = r(mean)
>                 
>         capt drop aux
>         gen aux = informal_s / active_s if sample == 1
>         sum aux [w = fexp_s] if active_s == 1 & sect_main_s == `a' 
>         scalar v1 = r(mean)
>         
>         if abs( round((scalar(v1)/scalar(v0)-1),.005) - round(growth_informal
> [`a',1],.005) ) > 0.01 {
>                 di in red "WARNING: New informal workers in sector `a' doesn´
> t match growth rate."
>         }
>                 
> 
> }
> 
> * Bringing back those who do not belong to the sample
> replace informal_s = informal if sample == . & informal_s == .
> 
> *===========================================================================
> *                                     END
> *===========================================================================
> 
> */
. 
end of do-file

. *!v1.0
. *===========================================================================
. * TITLE: 090 - Assign labor income by sector
. *===========================================================================
. * Prepared by: Sergio Olivieri
. * E-mail: solivieri@worldbank.org
. *===========================================================================
. * Created on : Mar 17, 2020
. * Last update: Jan 04, 2021
. *===========================================================================
. 
. *===========================================================================
. * Random numbers
. *===========================================================================
. capture drop aleat_ila

. set seed 23081985

. gen aleat_ila = uniform() if sample == 1 
(17,415 missing values generated)

. 
. ** I- Asign the contrafactual labor income by sector
. 
. *  IMPUTATION of salaried to those who come from the non-employed status in o
> rder to obtain the INCOME LINEAR PROJECTION
. sum sectorg

    Variable |        Obs        Mean    Std. dev.       Min        Max
-------------+---------------------------------------------------------
     sectorg |     21,327    3.846861     1.59241          1          6

. loc lim = r(max)

. replace salaried = . if unemplyd == 1
(0 real changes made)

. 
. forvalues i = 1/`lim' {
  2.    forvalues k =1(1)2 {
  3.            
.    sum salaried  [w = wgt] if sectorg == `i' & sample_`k' == 1
  4.    sca ns_`k'_`i' = 1-r(mean)
  5.    
.    sum public_job    [w = wgt] if sectorg == `i' & sample_`k' == 1
  6.    sca pj_`k'_`i' = 1-r(mean)
  7.         
.    }
  8. }

    Variable |     Obs      Weight        Mean   Std. dev.       Min        Max
-------------+-----------------------------------------------------------------
    salaried |     603  1871176.34    .2250343   .4179516          0          1

    Variable |     Obs      Weight        Mean   Std. dev.       Min        Max
-------------+-----------------------------------------------------------------
  public_job |     603  1871176.34    .0004584   .0214232          0          1

    Variable |     Obs      Weight        Mean   Std. dev.       Min        Max
-------------+-----------------------------------------------------------------
    salaried |     332  1015463.55    .0617389    .241044          0          1

    Variable |     Obs      Weight        Mean   Std. dev.       Min        Max
-------------+-----------------------------------------------------------------
  public_job |     332  1015463.55    .0065224   .0806194          0          1

    Variable |     Obs      Weight        Mean   Std. dev.       Min        Max
-------------+-----------------------------------------------------------------
    salaried |   3,371  10116455.6    .4005575   .4900841          0          1

    Variable |     Obs      Weight        Mean   Std. dev.       Min        Max
-------------+-----------------------------------------------------------------
  public_job |   3,371  10116455.6    .0004662   .0215907          0          1

    Variable |     Obs      Weight        Mean   Std. dev.       Min        Max
-------------+-----------------------------------------------------------------
    salaried |   1,853  5441274.07    .2048962   .4037347          0          1

    Variable |     Obs      Weight        Mean   Std. dev.       Min        Max
-------------+-----------------------------------------------------------------
  public_job |   1,853  5441274.07    .0030174   .0548631          0          1

    Variable |     Obs      Weight        Mean   Std. dev.       Min        Max
-------------+-----------------------------------------------------------------
    salaried |   1,883   5153949.8    .8761613   .3294849          0          1

    Variable |     Obs      Weight        Mean   Std. dev.       Min        Max
-------------+-----------------------------------------------------------------
  public_job |   1,883   5153949.8    .0029659   .0543935          0          1

    Variable |     Obs      Weight        Mean   Std. dev.       Min        Max
-------------+-----------------------------------------------------------------
    salaried |   1,690  5103698.47    .8488877   .3582643          0          1

    Variable |     Obs      Weight        Mean   Std. dev.       Min        Max
-------------+-----------------------------------------------------------------
  public_job |   1,690  5103698.47    .0267163   .1613007          0          1

    Variable |     Obs      Weight        Mean   Std. dev.       Min        Max
-------------+-----------------------------------------------------------------
    salaried |     747  2146730.17     .840324   .3665507          0          1

    Variable |     Obs      Weight        Mean   Std. dev.       Min        Max
-------------+-----------------------------------------------------------------
  public_job |     747  2146730.17    .0065642   .0808077          0          1

    Variable |     Obs      Weight        Mean   Std. dev.       Min        Max
-------------+-----------------------------------------------------------------
    salaried |   1,236  3764231.55    .8041026   .3970506          0          1

    Variable |     Obs      Weight        Mean   Std. dev.       Min        Max
-------------+-----------------------------------------------------------------
  public_job |   1,236  3764231.55    .0415661   .1996763          0          1

    Variable |     Obs      Weight        Mean   Std. dev.       Min        Max
-------------+-----------------------------------------------------------------
    salaried |   2,935  7667588.57    .5017294   .5000822          0          1

    Variable |     Obs      Weight        Mean   Std. dev.       Min        Max
-------------+-----------------------------------------------------------------
  public_job |   2,935  7667588.57    .0117453   .1077557          0          1

    Variable |     Obs      Weight        Mean   Std. dev.       Min        Max
-------------+-----------------------------------------------------------------
    salaried |   2,623  6465677.25    .5025092    .500089          0          1

    Variable |     Obs      Weight        Mean   Std. dev.       Min        Max
-------------+-----------------------------------------------------------------
  public_job |   2,623  6465677.25    .1073788   .3096532          0          1

    Variable |     Obs      Weight        Mean   Std. dev.       Min        Max
-------------+-----------------------------------------------------------------
    salaried |     614  1559160.63    .3506176   .4775524          0          1

    Variable |     Obs      Weight        Mean   Std. dev.       Min        Max
-------------+-----------------------------------------------------------------
  public_job |     614  1559160.63    .0220563   .1469865          0          1

    Variable |     Obs      Weight        Mean   Std. dev.       Min        Max
-------------+-----------------------------------------------------------------
    salaried |   3,351  7623861.95    .5591647   .4965613          0          1

    Variable |     Obs      Weight        Mean   Std. dev.       Min        Max
-------------+-----------------------------------------------------------------
  public_job |   3,351  7623861.95    .1816153   .3855847          0          1

. 
. *===========================================================================
. * SALARIED - NON-SALARIED
. *===========================================================================
. 
. * Identifies the people who change sector by education level
. gen     ch_l = (occupation != occupation_s) if sample_1 == 1 & (occupation_s 
> > 0 & occupation_s < .) & salaried == .
(61,644 missing values generated)

. replace ch_l = . if ch_l == 0
(168 real changes made, 168 to missing)

. gen     ch_h = (occupation != occupation_s) if sample_2 == 1 & (occupation_s 
> > 0 & occupation_s < .) & salaried == .
(61,071 missing values generated)

. replace ch_h = . if ch_h == 0
(645 real changes made, 645 to missing)

. 
. * Assigns the same salaried structure of the sector
. capture drop aux_l* aux_h* 

. * Creates the new salaried variable
. clonevar salaried_s = salaried
(40,223 missing values generated)

. replace  salaried_s = 1 if (ch_l == 1 | ch_h == 1) 
(170 real changes made)

. 
. forvalues i = 1/`lim' {
  2.         sum  ch_l [aw = fexp_s] if sect_main_s== `i'
  3.         if r(sum) != 0 {
  4.                 gen  aux_l_`i' = sum(fexp_s)/r(sum) if ch_l == 1 & sect_ma
> in_s== `i'
  5.                 sort aleat_ila, stable
  6.                 replace salaried_s = 0 if  aux_l_`i' <= ns_1_`i'
  7.                 di in ye "share of self employment is ===>   ns_1_`i'  = "
>  scalar(ns_1_`i')
  8.                 ta salaried_s [aw=fexp_s] if aux_l_`i' != .
  9.         }
 10. 
.         sum  ch_h [aw = fexp_s] if occupation_s == `i'
 11.         if r(sum) != 0 {
 12.                 gen  aux_h_`i' = sum(fexp_s)/r(sum) if ch_h == 1 & sect_ma
> in_s== `i'
 13.                 sort aleat_ila, stable
 14.                 replace salaried_s = 0 if  aux_h_`i' <= ns_2_`i'
 15.                 di in ye "share of self employment is ===>   ns_2_`i'  = "
>  scalar(ns_2_`i')
 16.                 ta salaried_s [aw=fexp_s] if aux_h_`i' != .
 17.         }
 18. }

    Variable |     Obs      Weight        Mean   Std. dev.       Min        Max
-------------+-----------------------------------------------------------------
        ch_l |       0           0

    Variable |     Obs      Weight        Mean   Std. dev.       Min        Max
-------------+-----------------------------------------------------------------
        ch_h |       0           0

    Variable |     Obs      Weight        Mean   Std. dev.       Min        Max
-------------+-----------------------------------------------------------------
        ch_l |       0           0

    Variable |     Obs      Weight        Mean   Std. dev.       Min        Max
-------------+-----------------------------------------------------------------
        ch_h |       0           0

    Variable |     Obs      Weight        Mean   Std. dev.       Min        Max
-------------+-----------------------------------------------------------------
        ch_l |       0           0

    Variable |     Obs      Weight        Mean   Std. dev.       Min        Max
-------------+-----------------------------------------------------------------
        ch_h |       0           0

    Variable |     Obs      Weight        Mean   Std. dev.       Min        Max
-------------+-----------------------------------------------------------------
        ch_l |       0           0

    Variable |     Obs      Weight        Mean   Std. dev.       Min        Max
-------------+-----------------------------------------------------------------
        ch_h |       0           0

    Variable |     Obs      Weight        Mean   Std. dev.       Min        Max
-------------+-----------------------------------------------------------------
        ch_l |      26       44077           1          0          1          1
(61,823 missing values generated)
(18 real changes made)
share of self employment is ===>   ns_1_5  = .49827062

 salaried_s |      Freq.     Percent        Cum.
------------+-----------------------------------
          0 | 11.3940604       43.82       43.82
          1 | 14.6059396       56.18      100.00
------------+-----------------------------------
      Total |         26      100.00

    Variable |     Obs      Weight        Mean   Std. dev.       Min        Max
-------------+-----------------------------------------------------------------
        ch_h |       0           0

    Variable |     Obs      Weight        Mean   Std. dev.       Min        Max
-------------+-----------------------------------------------------------------
        ch_l |      11       27648           1          0          1          1
(61,838 missing values generated)
(6 real changes made)
share of self employment is ===>   ns_1_6  = .64938242

 salaried_s |      Freq.     Percent        Cum.
------------+-----------------------------------
          0 | 6.55193866       59.56       59.56
          1 | 4.44806134       40.44      100.00
------------+-----------------------------------
      Total |         11      100.00

    Variable |     Obs      Weight        Mean   Std. dev.       Min        Max
-------------+-----------------------------------------------------------------
        ch_h |       0           0

. 
. 
. rename ch_l ch_l_sal

. rename ch_h ch_h_sal

. capture drop aux_l_*

. capture drop aux_h_*

. 
. *===========================================================================
. * PUBLIC - PRIVATE JOBS
. *===========================================================================
. 
. * a) Identifies the people who change sector by education level
. gen     ch_l = (occupation != occupation_s) if sample_1 == 1 & (occupation_s 
> > 0 & occupation_s < .) & public_job == .
(61,644 missing values generated)

. replace ch_l = . if ch_l == 0
(168 real changes made, 168 to missing)

. gen     ch_h = (occupation != occupation_s) if sample_2 == 1 & (occupation_s 
> > 0 & occupation_s < .) & public_job == .
(61,071 missing values generated)

. replace ch_h = . if ch_h == 0
(645 real changes made, 645 to missing)

. 
. 
. * c) Creates the new public_job variable
. clonevar public_job_s = public_job
(40,223 missing values generated)

. replace  public_job_s = 1 if (ch_l == 1 | ch_h == 1) 
(170 real changes made)

. ta public_job

 public_job |      Freq.     Percent        Cum.
------------+-----------------------------------
          0 |     20,273       93.74       93.74
          1 |      1,353        6.26      100.00
------------+-----------------------------------
      Total |     21,626      100.00

. ta public_job_s

public_job_ |
          s |      Freq.     Percent        Cum.
------------+-----------------------------------
          0 |     20,273       93.01       93.01
          1 |      1,523        6.99      100.00
------------+-----------------------------------
      Total |     21,796      100.00

. 
. *===========================================================================
. forvalues i = 1/`lim' {
  2.         sum  ch_l [aw = fexp_s] if sect_main_s== `i'
  3.         if r(sum) != 0 {
  4.                 gen  aux_l_`i' = sum(fexp_s)/r(sum) if ch_l == 1 & sect_ma
> in_s== `i'
  5.                 sort aleat_ila, stable
  6.                 replace public_job_s = 0 if  aux_l_`i' <= pj_1_`i'
  7.                 di in ye "share of private employment is ===>   pj_1_`i'  
> = " scalar(pj_1_`i')
  8.                 ta public_job_s [aw=fexp_s] if aux_l_`i' != .
  9.         }
 10. 
.         sum  ch_h [aw = fexp_s] if sect_main_s== `i'
 11.         if r(sum) != 0 {
 12.                 gen  aux_h_`i' = sum(fexp_s)/r(sum) if ch_h == 1 & sect_ma
> in_s== `i'
 13.                 sort aleat_ila, stable
 14.                 replace public_job_s = 0 if  aux_h_`i' <= pj_2_`i'
 15.                 di in ye "share of private employment is ===>   pj_2_`i'  
> = " scalar(pj_2_`i')
 16.                 ta public_job_s [aw=fexp_s] if aux_h_`i' != .
 17.         }
 18. }

    Variable |     Obs      Weight        Mean   Std. dev.       Min        Max
-------------+-----------------------------------------------------------------
        ch_l |       0           0

    Variable |     Obs      Weight        Mean   Std. dev.       Min        Max
-------------+-----------------------------------------------------------------
        ch_h |       0           0

    Variable |     Obs      Weight        Mean   Std. dev.       Min        Max
-------------+-----------------------------------------------------------------
        ch_l |       0           0

    Variable |     Obs      Weight        Mean   Std. dev.       Min        Max
-------------+-----------------------------------------------------------------
        ch_h |       0           0

    Variable |     Obs      Weight        Mean   Std. dev.       Min        Max
-------------+-----------------------------------------------------------------
        ch_l |       0           0

    Variable |     Obs      Weight        Mean   Std. dev.       Min        Max
-------------+-----------------------------------------------------------------
        ch_h |       0           0

    Variable |     Obs      Weight        Mean   Std. dev.       Min        Max
-------------+-----------------------------------------------------------------
        ch_l |       0           0

    Variable |     Obs      Weight        Mean   Std. dev.       Min        Max
-------------+-----------------------------------------------------------------
        ch_h |       1        3853           1          .          1          1
(61,848 missing values generated)
(0 real changes made)
share of private employment is ===>   pj_2_4  = .95843388

public_job_ |
          s |      Freq.     Percent        Cum.
------------+-----------------------------------
          1 |          1      100.00      100.00
------------+-----------------------------------
      Total |          1      100.00

    Variable |     Obs      Weight        Mean   Std. dev.       Min        Max
-------------+-----------------------------------------------------------------
        ch_l |      26       44077           1          0          1          1
(61,823 missing values generated)
(25 real changes made)
share of private employment is ===>   pj_1_5  = .98825471

public_job_ |
          s |      Freq.     Percent        Cum.
------------+-----------------------------------
          0 | 24.4509835       94.04       94.04
          1 | 1.54901649        5.96      100.00
------------+-----------------------------------
      Total |         26      100.00

    Variable |     Obs      Weight        Mean   Std. dev.       Min        Max
-------------+-----------------------------------------------------------------
        ch_h |      82      133211           1          0          1          1
(61,767 missing values generated)
(74 real changes made)
share of private employment is ===>   pj_2_5  = .89262122

public_job_ |
          s |      Freq.     Percent        Cum.
------------+-----------------------------------
          0 | 72.8336249       88.82       88.82
          1 | 9.16637515       11.18      100.00
------------+-----------------------------------
      Total |         82      100.00

    Variable |     Obs      Weight        Mean   Std. dev.       Min        Max
-------------+-----------------------------------------------------------------
        ch_l |      11       27648           1          0          1          1
(61,838 missing values generated)
(10 real changes made)
share of private employment is ===>   pj_1_6  = .97794367

public_job_ |
          s |      Freq.     Percent        Cum.
------------+-----------------------------------
          0 |  10.512623       95.57       95.57
          1 | .487377025        4.43      100.00
------------+-----------------------------------
      Total |         11      100.00

    Variable |     Obs      Weight        Mean   Std. dev.       Min        Max
-------------+-----------------------------------------------------------------
        ch_h |      50       95951           1          0          1          1
(61,799 missing values generated)
(40 real changes made)
share of private employment is ===>   pj_2_6  = .81838466

public_job_ |
          s |      Freq.     Percent        Cum.
------------+-----------------------------------
          0 | 40.7838376       81.57       81.57
          1 | 9.21616242       18.43      100.00
------------+-----------------------------------
      Total |         50      100.00

. 
. rename ch_l ch_l_pj

. rename ch_h ch_h_pj

. capture drop aux_l_*

. capture drop aux_h_*

. capture drop ch_l_sal

. capture drop ch_h_sal

. capture drop ch_l_pj

. capture drop ch_h_pj

. 
. *===========================================================================
. * II- Compute the income of employed simulated who come from other sector sta
> tus
. *===========================================================================
. 
. * Income estimation by education level
. gen  predila_n  = .
(61,849 missing values generated)

. /*
> if $m == 1 {
> 
>         forvalues n = 1/2 {
> 
>                 * linear projection
>         
>                 * Those who come from INACTIVITY
>                 mat score predila_n = b_1_`n' if occupation == 0 & occupation
> _s == 2 & sample_`n' == 1, replace
>                 mat score predila_n = b_2_`n' if occupation == 0 & occupation
> _s == 3 & sample_`n' == 1, replace
>                 mat score predila_n = b_3_`n' if occupation == 0 & occupation
> _s == 4 & sample_`n' == 1, replace
> 
>                 * Those who come from UNEMPLOYMENT
>                 mat score predila_n = b_1_`n' if occupation == 1 & occupation
> _s == 2 & sample_`n' == 1, replace
>                 mat score predila_n = b_2_`n' if occupation == 1 & occupation
> _s == 3 & sample_`n' == 1, replace
>                 mat score predila_n = b_3_`n' if occupation == 1 & occupation
> _s == 4 & sample_`n' == 1, replace
> 
>                 * Those who come from AGRICULTURE
>                 mat score predila_n = b_2_`n' if occupation == 2 & occupation
> _s == 3 & sample_`n' == 1, replace
>                 mat score predila_n = b_3_`n' if occupation == 2 & occupation
> _s == 4 & sample_`n' == 1, replace
> 
>                 * Those who come from INDUSTRY
>                 mat score predila_n = b_1_`n' if occupation == 3 & occupation
> _s == 2 & sample_`n' == 1, replace
>                 mat score predila_n = b_3_`n' if occupation == 3 & occupation
> _s == 4 & sample_`n' == 1, replace
> 
>                 * Those who come from SERVICES
>                 mat score predila_n = b_1_`n' if occupation == 4 & occupation
> _s == 2 & sample_`n' == 1, replace
>                 mat score predila_n = b_2_`n' if occupation == 4 & occupation
> _s == 3 & sample_`n' == 1, replace
> 
>                 * Those who remain in their sector but changes their informal
> ity status   
>                 mat score predila_n = b_1_`n' if occupation == 2 & occupation
> _s == 2 & sample_`n' == 1 & informal_s == 1 & informal == 0, replace
>                 mat score predila_n = b_2_`n' if occupation == 3 & occupation
> _s == 3 & sample_`n' == 1 & informal_s == 1 & informal == 0, replace
>                 mat score predila_n = b_3_`n' if occupation == 4 & occupation
> _s == 4 & sample_`n' == 1 & informal_s == 1 & informal == 0, replace
> 
>                 mat score predila_n = b_1_`n' if occupation == 2 & occupation
> _s == 2 & sample_`n' == 1 & informal_s == 0 & informal == 1, replace
>                 mat score predila_n = b_2_`n' if occupation == 3 & occupation
> _s == 3 & sample_`n' == 1 & informal_s == 0 & informal == 1, replace
>                 mat score predila_n = b_3_`n' if occupation == 4 & occupation
> _s == 4 & sample_`n' == 1 & informal_s == 0 & informal == 1, replace
>                  
>                 mat score predila_n = b_1_`n' if occupation == 2 & occupation
> _s == 2 & sample_`n' == 1 & informal_s == 1 & informal == 1, replace
>                 mat score predila_n = b_2_`n' if occupation == 3 & occupation
> _s == 3 & sample_`n' == 1 & informal_s == 1 & informal == 1, replace
>                 mat score predila_n = b_3_`n' if occupation == 4 & occupation
> _s == 4 & sample_`n' == 1 & informal_s == 1 & informal == 1, replace
> 
>                 mat score predila_n = b_1_`n' if occupation == 2 & occupation
> _s == 2 & sample_`n' == 1 & informal_s == 0 & informal == 0, replace
>                 mat score predila_n = b_2_`n' if occupation == 3 & occupation
> _s == 3 & sample_`n' == 1 & informal_s == 0 & informal == 0, replace
>                 mat score predila_n = b_3_`n' if occupation == 4 & occupation
> _s == 4 & sample_`n' == 1 & informal_s == 0 & informal == 0, replace
>                  
>                 *  Residuals   
>                 replace   predila_n = predila_n + invnorm(aleat_ila)* sigma_1
> _`n' if occupation_s == 2 & sample_`n' == 1 
>                 replace   predila_n = predila_n + invnorm(aleat_ila)* sigma_2
> _`n' if occupation_s == 3 & sample_`n' == 1
>                 replace   predila_n = predila_n + invnorm(aleat_ila)* sigma_3
> _`n' if occupation_s == 4 & sample_`n' == 1
>         }
> 
>         replace predila_n = exp(predila_n)
> 
>         * Those who mantain their employment status and sector
>         gen     lai_m_s = .
>         replace lai_m_s = lai_m if occupation == 2 & occupation_s == 2       
>          
>         replace lai_m_s = .     if occupation == 2 & occupation_s == 2 & (lai
> _m == .) 
>         replace lai_m_s = lai_m if occupation == 3 & occupation_s == 3       
>          
>         replace lai_m_s = .     if occupation == 3 & occupation_s == 3 & (lai
> _m == .) 
>         replace lai_m_s = lai_m if occupation == 4 & occupation_s == 4       
>          
>         replace lai_m_s = .     if occupation == 4 & occupation_s == 4 & (lai
> _m == .) 
> 
>         * New employed who come from other sectors, non-employed or unemploye
> d 
>         replace lai_m_s = predila_n  if occupation_s == 2 & lai_m_s == .
>         replace lai_m_s = predila_n  if occupation_s == 3 & lai_m_s == .
>         replace lai_m_s = predila_n  if occupation_s == 4 & lai_m_s == .
> 
>         * Those who mantain their sectors but change their formality status
>         replace lai_m_s = predila_n  if occupation == 2 & occupation_s == 2 &
>  (lai_m == .) & informal_s == 1 & informal == 0
>         replace lai_m_s = predila_n  if occupation == 3 & occupation_s == 3 &
>  (lai_m == .) & informal_s == 1 & informal == 0
>         replace lai_m_s = predila_n  if occupation == 4 & occupation_s == 4 &
>  (lai_m == .) & informal_s == 1 & informal == 0
> 
>         replace lai_m_s = predila_n  if occupation == 2 & occupation_s == 2 &
>  (lai_m == .) & informal_s == 0 & informal == 1
>         replace lai_m_s = predila_n  if occupation == 3 & occupation_s == 3 &
>  (lai_m == .) & informal_s == 0 & informal == 1
>         replace lai_m_s = predila_n  if occupation == 4 & occupation_s == 4 &
>  (lai_m == .) & informal_s == 0 & informal == 1
> 
> }
> */
. 
. 
.         forvalues n = 1/2 {
  2. 
.                 * Linear projection
. 
.                 * Those who come from INACTIVITY
.                 mat score predila_n  = b_1_`n'  if occupation == 0 & sectorg_
> s == 1 & sample_`n' == 1, replace
  3.                 mat score predila_n  = b_2_`n'  if occupation == 0 & secto
> rg_s == 2 & sample_`n' == 1, replace
  4.                 mat score predila_n  = b_3_`n'  if occupation == 0 & secto
> rg_s == 3 & sample_`n' == 1, replace
  5.                 mat score predila_n  = b_4_`n'  if occupation == 0 & secto
> rg_s == 4 & sample_`n' == 1, replace
  6.                 mat score predila_n  = b_5_`n'  if occupation == 0 & secto
> rg_s == 5 & sample_`n' == 1, replace
  7.                 mat score predila_n  = b_6_`n'  if occupation == 0 & secto
> rg_s == 6 & sample_`n' == 1, replace
  8. 
.                 * Those who come from UNEMPLOYMENT
.                 mat score predila_n  = b_1_`n'  if occupation == 10 & sectorg
> _s == 1 & sample_`n' == 1, replace
  9.                 mat score predila_n  = b_2_`n'  if occupation == 10 & sect
> org_s == 2 & sample_`n' == 1, replace
 10.                 mat score predila_n  = b_3_`n'  if occupation == 10 & sect
> org_s == 3 & sample_`n' == 1, replace
 11.                 mat score predila_n  = b_4_`n'  if occupation == 10 & sect
> org_s == 4 & sample_`n' == 1, replace
 12.                 mat score predila_n  = b_5_`n'  if occupation == 10 & sect
> org_s == 5 & sample_`n' == 1, replace
 13.                 mat score predila_n  = b_6_`n'  if occupation == 10 & sect
> org_s == 6 & sample_`n' == 1, replace
 14. 
.                 * Those who come from Agriculture s0
.                 mat score predila_n  = b_2_`n'  if sectorg == 1 & sectorg_s =
> = 2 & sample_`n' == 1, replace
 15.                 mat score predila_n  = b_3_`n'  if sectorg == 1 & sectorg_
> s == 3 & sample_`n' == 1, replace
 16.                 mat score predila_n  = b_4_`n'  if sectorg == 1 & sectorg_
> s == 4 & sample_`n' == 1, replace
 17.                 mat score predila_n  = b_5_`n'  if sectorg == 1 & sectorg_
> s == 5 & sample_`n' == 1, replace
 18.                 mat score predila_n  = b_6_`n'  if sectorg == 1 & sectorg_
> s == 6 & sample_`n' == 1, replace
 19. 
.         * Those who come from Agriculture s1
.            mat score predila_n  = b_1_`n'  if sectorg == 2 & sectorg_s == 1 &
>  sample_`n' == 1, replace
 20.            mat score predila_n  = b_3_`n'  if sectorg == 2 & sectorg_s == 
> 3 & sample_`n' == 1, replace
 21.            mat score predila_n  = b_4_`n'  if sectorg == 2 & sectorg_s == 
> 4 & sample_`n' == 1, replace
 22.            mat score predila_n  = b_5_`n'  if sectorg == 2 & sectorg_s == 
> 5 & sample_`n' == 1, replace
 23.            mat score predila_n  = b_6_`n'  if sectorg == 2 & sectorg_s == 
> 6 & sample_`n' == 1, replace
 24.          
.                 * Those who come from Industry s0
.                 mat score predila_n  = b_1_`n'  if sectorg == 3 & sectorg_s =
> = 1 & sample_`n' == 1, replace
 25.                 mat score predila_n  = b_2_`n'  if sectorg == 3 & sectorg_
> s == 2 & sample_`n' == 1, replace
 26.                 mat score predila_n  = b_4_`n'  if sectorg == 3 & sectorg_
> s == 4 & sample_`n' == 1, replace
 27.                 mat score predila_n  = b_5_`n'  if sectorg == 3 & sectorg_
> s == 5 & sample_`n' == 1, replace
 28.                 mat score predila_n  = b_6_`n'  if sectorg == 3 & sectorg_
> s == 6 & sample_`n' == 1, replace
 29. 
.                 * Those who come from Industry s1
.                 mat score predila_n  = b_1_`n'  if sectorg == 4 & sectorg_s =
> = 1 & sample_`n' == 1, replace
 30.                 mat score predila_n  = b_2_`n'  if sectorg == 4 & sectorg_
> s == 2 & sample_`n' == 1, replace
 31.                 mat score predila_n  = b_3_`n'  if sectorg == 4 & sectorg_
> s == 3 & sample_`n' == 1, replace
 32.                 mat score predila_n  = b_5_`n'  if sectorg == 4 & sectorg_
> s == 5 & sample_`n' == 1, replace
 33.                 mat score predila_n  = b_6_`n'  if sectorg == 4 & sectorg_
> s == 6 & sample_`n' == 1, replace
 34. 
.                 * Those who come from Services s0
.                 mat score predila_n  = b_1_`n'  if occupation == 5 & sectorg_
> s == 1 & sample_`n' == 1, replace
 35.                 mat score predila_n  = b_2_`n'  if occupation == 5 & secto
> rg_s == 2 & sample_`n' == 1, replace
 36.                 mat score predila_n  = b_3_`n'  if occupation == 5 & secto
> rg_s == 3 & sample_`n' == 1, replace
 37.                 mat score predila_n  = b_4_`n'  if occupation == 5 & secto
> rg_s == 4 & sample_`n' == 1, replace
 38.                 mat score predila_n  = b_6_`n'  if occupation == 5 & secto
> rg_s == 6 & sample_`n' == 1, replace
 39. 
.         * Those who come from Services s1
.            mat score predila_n  = b_1_`n'  if occupation == 6 & sectorg_s == 
> 1 & sample_`n' == 1, replace
 40.            mat score predila_n  = b_2_`n'  if occupation == 6 & sectorg_s 
> == 2 & sample_`n' == 1, replace
 41.            mat score predila_n  = b_3_`n'  if occupation == 6 & sectorg_s 
> == 3 & sample_`n' == 1, replace
 42.            mat score predila_n  = b_4_`n'  if occupation == 6 & sectorg_s 
> == 4 & sample_`n' == 1, replace
 43.            mat score predila_n  = b_5_`n'  if occupation == 6 & sectorg_s 
> == 5 & sample_`n' == 1, replace
 44. 
.                 * Residuals   
.                 replace   predila_n = predila_n + invnorm(aleat_ila)* sigma_1
> _`n' if sectorg_s == 1 & sample_`n' == 1 
 45.                 replace   predila_n = predila_n + invnorm(aleat_ila)* sigm
> a_2_`n' if sectorg_s == 2 & sample_`n' == 1
 46.                 replace   predila_n = predila_n + invnorm(aleat_ila)* sigm
> a_3_`n' if sectorg_s == 3 & sample_`n' == 1
 47.                 replace   predila_n = predila_n + invnorm(aleat_ila)* sigm
> a_4_`n' if sectorg_s == 4 & sample_`n' == 1
 48.                 replace   predila_n = predila_n + invnorm(aleat_ila)* sigm
> a_5_`n' if sectorg_s == 5 & sample_`n' == 1
 49.                 replace   predila_n = predila_n + invnorm(aleat_ila)* sigm
> a_6_`n' if sectorg_s == 6 & sample_`n' == 1
 50.         }
(0 real changes made)
(0 real changes made)
(0 real changes made)
(0 real changes made)
(0 real changes made)
(0 real changes made)
(0 real changes made)
(0 real changes made)
(0 real changes made)
(0 real changes made)
(0 real changes made)
(0 real changes made)

. 
.         replace predila_n = exp(predila_n)
(0 real changes made)

. 
.         * those who mantain their employment status and sector
.         gen     lai_m_s = .
(61,849 missing values generated)

.         levelsof occupation if occupation>10, local(alloccups)
11 12 13 14 15 16

.         foreach i of local alloccups {
  2.                 * Those who mantain their employment status and sector
.                 replace lai_m_s = lai_m if occupation == `i' & occupation_s =
> = `i'                
  3.                 replace lai_m_s = .     if occupation == `i' & occupation_
> s == `i' & (lai_m == .) 
  4.                 * New employed who come from other sectors, non-employed o
> r unemployed 
.                 replace lai_m_s = predila_n  if occupation_s == `i' & lai_m_s
>  == .
  5.         }
(895 real changes made)
(0 real changes made)
(0 real changes made)
(4,960 real changes made)
(0 real changes made)
(0 real changes made)
(3,563 real changes made)
(0 real changes made)
(0 real changes made)
(1,974 real changes made)
(0 real changes made)
(0 real changes made)
(4,189 real changes made)
(0 real changes made)
(0 real changes made)
(3,561 real changes made)
(0 real changes made)
(0 real changes made)

. 
.         * 2- New employed who come from other sectors, non-employed or unempl
> oyed 
.         replace lai_m_s = predila_n  if sectorg_s == 1 & lai_m_s == .
(0 real changes made)

.         replace lai_m_s = predila_n  if sectorg_s == 2 & lai_m_s == .
(0 real changes made)

.         replace lai_m_s = predila_n  if sectorg_s == 3 & lai_m_s == .
(0 real changes made)

.         replace lai_m_s = predila_n  if sectorg_s == 4 & lai_m_s == .
(0 real changes made)

.         replace lai_m_s = predila_n  if sectorg_s == 5 & lai_m_s == .
(0 real changes made)

.         replace lai_m_s = predila_n  if sectorg_s == 6 & lai_m_s == .
(0 real changes made)

. 
. 
. 
. 
. * Summ those who do not belong to the sample
. replace lai_m_s = lai_m  if lai_m_s == . &  sectorg_s!= . & sample == .
(0 real changes made)

. replace lai_m_s = lai_m  if lai_m_s == . &  lai_m != . & sample == .
(199 real changes made)

. replace lai_m_s = lai_m  if lai_m_s == . &  lai_m != . & sample == 1
(258 real changes made)

. 
. 
. * Eliminate labor income for those who pass from employed to non-employed sta
> tus 
. replace lai_m_s = .  if active_s  == 1 & unemplyd_s  == 1 & unemplyd == 0  & 
> sample == 1
(0 real changes made)

. replace lai_m_s = .  if active_s  == 0 & lf_samp     == 1                  & 
> sample == 1
(710 real changes made, 710 to missing)

. 
. drop predila_n aleat_ila

. 
. *===========================================================================
. *                                     END
. *===========================================================================
. 
end of do-file

. *!v1.0
. *===========================================================================
. * TITLE: 11 - Income growth by sector
. *===========================================================================
. * Prepared by: Sergio Olivieri
. * E-mail: solivieri@worldbank.org
. *===========================================================================
. * Created on : Mar 17, 2020
. * Last update: Oct 18, 2022 - Kelly Y. Montoya
. *===========================================================================
. 
. *===========================================================================
. * Getting reduction in informal workers because of quarantine 
. *===========================================================================
. /*
> if $t == 2 {
> 
>    replace lai_m_s = lai_m * (1 - (lai_m * ( $redu )/(lai_m * 12))) if inform
> al_s == 1
> 
> } */
. *===========================================================================
. * I. Calculates the growth rate by sector of total labor income 
. *    (main and secondary for everybody)
. *===========================================================================
. 
. sum sectorg

    Variable |        Obs        Mean    Std. dev.       Min        Max
-------------+---------------------------------------------------------
     sectorg |     21,327    3.846861     1.59241          1          6

. loc lim = r(max)

. 
. forvalues i = 1/`lim' {
  2.         
.         //Base
.         sum lai_m     [aw = wgt]  if lai_m > 0 & lai_m < . & sectorg    == `i
> ' 
  3.         sca sp_`i' = r(mean)
  4. 
.         //Scenario
.         sum lai_m_s [aw = fexp_s]  if lai_m_s > 0 & lai_m_s < . & sectorg_s==
>  `i' 
  5.         sca sp1_`i' = r(mean)
  6. 
.         if `i' == 1 { 
  7.                 mat var0 = sp_`i' 
  8.                 mat var1 = sp1_`i' 
  9.                 mat list var0
 10.                 mat list var1
 11.         }
 12. 
.         if `i' != 1 {
 13.                 mat var0 = var0\sp_`i'
 14.                 mat var1 = var1\sp1_`i' 
 15.                 mat list var0
 16.                 mat list var1
 17.         
.         } 
 18. }

    Variable |     Obs      Weight        Mean   Std. dev.       Min        Max
-------------+-----------------------------------------------------------------
       lai_m |     861  2651368.39    7.566606   15.21714   2.36e-17   160.3937

    Variable |     Obs      Weight        Mean   Std. dev.       Min        Max
-------------+-----------------------------------------------------------------
     lai_m_s |     807     2588928     7.79503   15.42323   2.36e-17   160.3937

symmetric var0[1,1]
           c1
r1  7.5666061

symmetric var1[1,1]
           c1
r1  7.7950302

    Variable |     Obs      Weight        Mean   Std. dev.       Min        Max
-------------+-----------------------------------------------------------------
       lai_m |   4,805  14247473.1    10.04319   95.64286   .0030051   5640.807

    Variable |     Obs      Weight        Mean   Std. dev.       Min        Max
-------------+-----------------------------------------------------------------
     lai_m_s |   4,546    13987291     10.2824   97.03055   .0034666   5640.807

var0[2,1]
           c1
r1  7.5666061
r2  10.043193

var1[2,1]
           c1
r1  7.7950302
r2  10.282402

    Variable |     Obs      Weight        Mean   Std. dev.       Min        Max
-------------+-----------------------------------------------------------------
       lai_m |   3,554  10220423.7    15.81455    121.983   .0069332   4710.683

    Variable |     Obs      Weight        Mean   Std. dev.       Min        Max
-------------+-----------------------------------------------------------------
     lai_m_s |   3,460    10221079     15.9268   122.6047   .0069332   4710.683

var0[3,1]
           c1
r1  7.5666061
r2  10.043193
r3  15.814552

var1[3,1]
           c1
r1  7.7950302
r2  10.282402
r3  15.926795

    Variable |     Obs      Weight        Mean   Std. dev.       Min        Max
-------------+-----------------------------------------------------------------
       lai_m |   1,969  5885512.64    21.61403   98.77751   .1682317   2907.084

    Variable |     Obs      Weight        Mean   Std. dev.       Min        Max
-------------+-----------------------------------------------------------------
     lai_m_s |   1,951     5924382    21.66521   98.95794   .1682317   2907.084

var0[4,1]
           c1
r1  7.5666061
r2  10.043193
r3  15.814552
r4  21.614032

var1[4,1]
           c1
r1  7.7950302
r2  10.282402
r3  15.926795
r4  21.665213

    Variable |     Obs      Weight        Mean   Std. dev.       Min        Max
-------------+-----------------------------------------------------------------
       lai_m |   4,181  10341909.4    12.89326   16.88745   .0069332    511.669

    Variable |     Obs      Weight        Mean   Std. dev.       Min        Max
-------------+-----------------------------------------------------------------
     lai_m_s |   4,057    10360258    12.88024   16.67956   .0069332    511.669

var0[5,1]
           c1
r1  7.5666061
r2  10.043193
r3  15.814552
r4  21.614032
r5  12.893258

var1[5,1]
           c1
r1  7.7950302
r2  10.282402
r3  15.926795
r4  21.665213
r5  12.880238

    Variable |     Obs      Weight        Mean   Std. dev.       Min        Max
-------------+-----------------------------------------------------------------
       lai_m |   3,546  8135846.89     36.5172   271.5647   .0066559   7571.038

    Variable |     Obs      Weight        Mean   Std. dev.       Min        Max
-------------+-----------------------------------------------------------------
     lai_m_s |   3,403     8081439    36.90126   273.8694   .0066559   7571.038

var0[6,1]
           c1
r1  7.5666061
r2  10.043193
r3  15.814552
r4  21.614032
r5  12.893258
r6    36.5172

var1[6,1]
           c1
r1  7.7950302
r2  10.282402
r3  15.926795
r4  21.665213
r5  12.880238
r6  36.901261

. 
. 
. *===========================================================================
. * Calculates the difference between simulated and projected income growth rat
> es by sector (This uses income projected with elasticities - input_gdp2)
. *===========================================================================
. 
. sum sectorg

    Variable |        Obs        Mean    Std. dev.       Min        Max
-------------+---------------------------------------------------------
     sectorg |     21,327    3.846861     1.59241          1          6

. loc lim2 = r(max)

. 
. mat growth_ila_rel = growth_labor_income[1..`lim2',1]

. 
. mat list growth_ila_rel 

growth_ila_rel[6,1]
          rate
r1  -.07142629
r2   .01815923
r3   -.0461922
r4  -.00497454
r5   -.0074904
r6  -.00170236

. mata:
------------------------------------------------- mata (type end to exit) -----
: M = st_matrix("var0")

: V = st_matrix("growth_ila_rel")

: C = st_matrix("var1")

: G = M:*(1:+V)

: H = (G:/C):-1

: st_matrix("growth_ila_rel_n",H)

: end
-------------------------------------------------------------------------------

. 
. mat list growth_ila_rel_n

growth_ila_rel_n[6,1]
            c1
r1  -.09863704
r2   -.0055271
r3  -.05291409
r4  -.00732513
r5  -.00648713
r6  -.01209246

. 
. 
. *===========================================================================
. * Expands income labor by sector
. *===========================================================================
. 
. clonevar lai_s_s = lai_s 
(54,846 missing values generated)

. 
. //Main
.    replace lai_m_s = lai_m_s * (1 + growth_ila_rel_n[1,1]) if lai_m_s > 0 & l
> ai_m_s != .   & sectorg_s == 1 
(807 real changes made)

.    replace lai_m_s = lai_m_s * (1 + growth_ila_rel_n[2,1]) if lai_m_s > 0 & l
> ai_m_s != .   & sectorg_s == 2 
(4,546 real changes made)

.    replace lai_m_s = lai_m_s * (1 + growth_ila_rel_n[3,1]) if lai_m_s > 0 & l
> ai_m_s != .   & sectorg_s == 3 
(3,460 real changes made)

.    replace lai_m_s = lai_m_s * (1 + growth_ila_rel_n[4,1]) if lai_m_s > 0 & l
> ai_m_s != .   & sectorg_s == 4 
(1,951 real changes made)

.    replace lai_m_s = lai_m_s * (1 + growth_ila_rel_n[5,1]) if lai_m_s > 0 & l
> ai_m_s != .   & sectorg_s == 5 
(4,057 real changes made)

.    replace lai_m_s = lai_m_s * (1 + growth_ila_rel_n[6,1]) if lai_m_s > 0 & l
> ai_m_s != .   & sectorg_s == 6 
(3,403 real changes made)

.  
. //Secondary 
.    replace lai_s_s = lai_s_s * (1 + growth_ila_rel_n[1,1]) if lai_s_s > 0 & l
> ai_s_s != .   & sect_secu == 1 
(1,553 real changes made)

.    replace lai_s_s = lai_s_s * (1 + growth_ila_rel_n[2,1]) if lai_s_s > 0 & l
> ai_s_s != .   & sect_secu == 2 
(1,745 real changes made)

.    replace lai_s_s = lai_s_s * (1 + growth_ila_rel_n[3,1]) if lai_s_s > 0 & l
> ai_s_s != .   & sect_secu == 3 
(673 real changes made)

.    replace lai_s_s = lai_s_s * (1 + growth_ila_rel_n[4,1]) if lai_s_s > 0 & l
> ai_s_s != .   & sect_secu == 4 
(400 real changes made)

.    replace lai_s_s = lai_s_s * (1 + growth_ila_rel_n[5,1]) if lai_s_s > 0 & l
> ai_s_s != .   & sect_secu == 5 
(447 real changes made)

.    replace lai_s_s = lai_s_s * (1 + growth_ila_rel_n[6,1]) if lai_s_s > 0 & l
> ai_s_s != .   & sect_secu == 6 
(652 real changes made)

.   
. 
. * Check the variations
. forvalues i = 1/`lim' {
  2.         sum lai_m_s [aw = fexp_s] if lai_m_s > 0 & lai_m_s < . & sectorg_s
>  == `i' 
  3.         sca sp2_`i' = r(mean)
  4.         //sca s1_`i' = scalar(sp_`i') + scalar(ss_`i')
. }

    Variable |     Obs      Weight        Mean   Std. dev.       Min        Max
-------------+-----------------------------------------------------------------
     lai_m_s |     807     2588928    7.026151   13.90193   2.13e-17   144.5729

    Variable |     Obs      Weight        Mean   Std. dev.       Min        Max
-------------+-----------------------------------------------------------------
     lai_m_s |   4,546    13987291    10.22557   96.49425   .0034474   5609.629

    Variable |     Obs      Weight        Mean   Std. dev.       Min        Max
-------------+-----------------------------------------------------------------
     lai_m_s |   3,460    10221079    15.08404   116.1172   .0065663   4461.422

    Variable |     Obs      Weight        Mean   Std. dev.       Min        Max
-------------+-----------------------------------------------------------------
     lai_m_s |   1,951     5924382    21.50651   98.23306   .1669994    2885.79

    Variable |     Obs      Weight        Mean   Std. dev.       Min        Max
-------------+-----------------------------------------------------------------
     lai_m_s |   4,057    10360258    12.79668   16.57136   .0068882   508.3498

    Variable |     Obs      Weight        Mean   Std. dev.       Min        Max
-------------+-----------------------------------------------------------------
     lai_m_s |   3,403     8081439    36.45503   270.5576   .0065754   7479.486

. mat n =   scalar(sp2_1)/scalar(sp_1)-1

. mat n = n\scalar(sp2_2)/scalar(sp_2)-1

. mat n = n\scalar(sp2_3)/scalar(sp_3)-1

. mat n = n\scalar(sp2_4)/scalar(sp_4)-1

. mat n = n\scalar(sp2_5)/scalar(sp_5)-1

. mat n = n\scalar(sp2_6)/scalar(sp_6)-1

. 
. mat diff  = growth_ila_rel - n

. mat check = growth_ila_rel,n,diff

. mat list check

check[6,3]
          rate          c1          c1
r1  -.07142629  -.07142629           0
r2   .01815923   .01815923           0
r3   -.0461922   -.0461922           0
r4  -.00497454  -.00497454  -2.220e-16
r5   -.0074904   -.0074904  -1.110e-16
r6  -.00170236  -.00170236   1.110e-16

. 
. 
. *===========================================================================
. * Re-scale all incomes by the average income 
. *===========================================================================
. 
. sum     lai_m [aw = wgt] if lai_m > 0 & lai_m != . & sectorg != .

    Variable |     Obs      Weight        Mean   Std. dev.       Min        Max
-------------+-----------------------------------------------------------------
       lai_m |  18,916  51482534.1    17.14042   135.6633   2.36e-17   7571.038

. loc tot_ila_s = r(mean)

. sum lai_m_s [aw = fexp_s] if lai_m_s > 0 & lai_m_s!=. & sectorg_s != .

    Variable |     Obs      Weight        Mean   Std. dev.       Min        Max
-------------+-----------------------------------------------------------------
     lai_m_s |  18,224    51163377     17.0042   134.4023   2.13e-17   7479.486

. replace lai_m_s = `tot_ila_s' * (lai_m_s / r(mean)) if sectorg_s != .
(18,690 real changes made)

. 
. sum     lai_s [aw = wgt] if lai_s > 0 & lai_s != . & sectorg != .

    Variable |     Obs      Weight        Mean   Std. dev.       Min        Max
-------------+-----------------------------------------------------------------
       lai_s |   5,704  15394714.3    2.646513   5.227174   .0000539   153.9647

. loc tot_ila_s = r(mean)

. sum lai_s_s [aw = fexp_s] if lai_s_s > 0 & lai_s_s!=. & sectorg_s != .

    Variable |     Obs      Weight        Mean   Std. dev.       Min        Max
-------------+-----------------------------------------------------------------
     lai_s_s |   5,704    15553203    2.567088   5.127859    .000051   152.1029

. replace lai_s_s = `tot_ila_s' * (lai_s_s / r(mean)) if sectorg_s != .
(6,941 real changes made)

. 
. loc r = rowsof(growth_labor_income)

. mat growth_ila_tot = growth_labor_income[`r',1]

. 
. mat list growth_ila_tot

symmetric growth_ila_tot[1,1]
            c1
r1  -.00401619

. 
. replace lai_m_s = lai_m_s * (1 + growth_ila_tot[1,1]) if lai_m_s > 0 & lai_m_
> s != . & sectorg_s != .
(18,224 real changes made)

. 
. replace lai_s_s = lai_s_s * (1 + growth_ila_tot[1,1]) if lai_s_s > 0 & lai_s_
> s != . & sectorg_s != .
(5,704 real changes made)

. 
. * Checking 
. sum lai_m [aw = wgt] if lai_m > 0 & lai_m < . & sectorg != .

    Variable |     Obs      Weight        Mean   Std. dev.       Min        Max
-------------+-----------------------------------------------------------------
       lai_m |  18,916  51482534.1    17.14042   135.6633   2.36e-17   7571.038

. sca s0 = r(mean)

. 
. sum lai_m_s [aw = fexp_s] if lai_m_s > 0 & lai_m_s < . & sectorg_s != .

    Variable |     Obs      Weight        Mean   Std. dev.       Min        Max
-------------+-----------------------------------------------------------------
     lai_m_s |  18,224    51163377    17.07158   134.9349   2.14e-17   7509.125

. sca s1 = r(mean)

. 
. di scalar(s1)/scalar(s0)-1
-.00401619

. mat list growth_ila_tot

symmetric growth_ila_tot[1,1]
            c1
r1  -.00401619

. 
. sum lai_s [aw = wgt] if lai_s > 0 & lai_s < . & sectorg != .

    Variable |     Obs      Weight        Mean   Std. dev.       Min        Max
-------------+-----------------------------------------------------------------
       lai_s |   5,704  15394714.3    2.646513   5.227174   .0000539   153.9647

. sca s0 = r(mean)

. 
. sum lai_s_s [aw = fexp_s] if lai_s_s > 0 & lai_s_s < . & sectorg_s != .

    Variable |     Obs      Weight        Mean   Std. dev.       Min        Max
-------------+-----------------------------------------------------------------
     lai_s_s |   5,704    15553203    2.635884   5.265282   .0000524   156.1791

. sca s1 = r(mean)

. 
. di scalar(s1)/scalar(s0)-1
-.00401619

. mat list growth_ila_tot

symmetric growth_ila_tot[1,1]
            c1
r1  -.00401619

. 
. 
. *===========================================================================
. *                                     END
. *===========================================================================
. 
end of do-file

. *!v1.0
. *============================================================================
> =
. * TITLE: 12 - Total labor income
. *===========================================================================
. * Prepared by: Sergio Olivieri
. * E-mail: solivieri@worldbank.org
. *============================================================================
> =
. * Created on : Mar 17, 2020
. * Last update: Jan 04, 2021
. *============================================================================
> =
. 
. *============================================================================
> =
. 
. capture drop aux1

. capture drop aux2

. capture drop tot_lai_s

. 
. egen    aux1    = rsum(lai_m lai_s) , m
(42,249 missing values generated)

. replace aux1 = lai_s if lai_m < 0  
(491 real changes made, 484 to missing)

. replace aux1 = aux1 *-1
(19,116 real changes made)

. egen    aux2 = rsum(lai_m_s lai_s_s), m
(42,815 missing values generated)

. replace aux2 = lai_s_s if lai_m_s < 0  
(473 real changes made, 466 to missing)

. 
. *egen tot_lai = rsum(lai_m lai_s), m
. 
. egen tot_lai_s = rowtotal(tot_lai aux1 aux2), missing 
(42,733 missing values generated)

. 
. * Checking 
. sum lai_m [aw = wgt] if lai_m > 0 & lai_m < . 

    Variable |     Obs      Weight        Mean   Std. dev.       Min        Max
-------------+-----------------------------------------------------------------
       lai_m |  19,108  52011349.5    17.02711   134.9784   2.36e-17   7571.038

. sca sp = r(sum)

. sum lai_s [aw = wgt] if lai_s > 0 & lai_s < . 

    Variable |     Obs      Weight        Mean   Std. dev.       Min        Max
-------------+-----------------------------------------------------------------
       lai_s |   5,757  15508628.9    2.641586    5.23617   .0000539   153.9647

. sca ss = r(sum)

. sca s0 = scalar(sp) + scalar(ss)

. 
. sum lai_m_s [aw = fexp_s] if lai_m_s > 0 & lai_m_s < . 

    Variable |     Obs      Weight        Mean   Std. dev.       Min        Max
-------------+-----------------------------------------------------------------
     lai_m_s |  18,416    51697653    16.95712   134.2425   2.14e-17   7509.125

. sca sp = r(sum)

. sum lai_s_s [aw = fexp_s] if lai_s_s > 0 & lai_s_s < . 

    Variable |     Obs      Weight        Mean   Std. dev.       Min        Max
-------------+-----------------------------------------------------------------
     lai_s_s |   5,757    15668293    2.631035   5.273923   .0000524   156.1791

. sca ss = r(sum)

. sca s1 = scalar(sp) + scalar(ss)

. 
. loc r = rowsof(growth_macro_data)

. mat growth_ila_tot = growth_macro_data[`r',1]

. di scalar(s1)/scalar(s0)-1
-.00939312

. mat list growth_ila_tot

symmetric growth_ila_tot[1,1]
           c1
r1  .05775109

. drop aux1 aux2

. 
. *============================================================================
> *
. *                                                                       END
. *============================================================================
> *
. 
end of do-file

. *!v1.0
. *============================================================================
> =
. * TITLE: 12  Non-labor income
. *===========================================================================
. * Prepared by: Sergio Olivieri
. * E-mail: solivieri@worldbank.org
. *============================================================================
> =
. * Created on : Jul 11, 2022
. * Last update: Jul 18, 2022
. *============================================================================
> =
. * Modified by: Kelly Y. Montoya (kmontoyamunoz@worldbank.org)
. *                          Jul 18, 2022 - Adapted the ECU version to the full
>  project.
. *============================================================================
> =
. 
. 
. *============================================================================
> =
. * A. Private transfers
. *============================================================================
> =
. 
. loc nl_incomes "remesas pensions capital transfers"

. loc lim : word count `nl_incomes'

. dis `lim'
4

. 
. forvalues i = 1/`lim' {
  2. loc x : word `i' of `nl_incomes'
  3. 
. dis as text "{hline}" _newline ///
>         as text " nl income = `x'" _newline ///
>     as text "{hline}" _newline
  4. 
. *  1. calculates the growth rate of capital according to population growth 
. sum h_`x' [aw = wgt  ] if h_`x' > 0 & h_`x' <.
  5. mat var0 = r(sum) / 1000000
  6. sum h_`x' [aw = fexp_s] if h_`x' > 0 & h_`x' <.
  7. mat var1 = r(sum) / 1000000
  8. 
. * 2. calculates the difference between micro and macro data growth rates  
. mat growth_`x' = growth_nlabor[`i',1]
  9. 
. }
-------------------------------------------------------------------------------
 nl income = remesas
-------------------------------------------------------------------------------


    Variable |     Obs      Weight        Mean   Std. dev.       Min        Max
-------------+-----------------------------------------------------------------
   h_remesas |   5,835  14841153.9     3.24238   8.317676   .0001387   138.6637

    Variable |     Obs      Weight        Mean   Std. dev.       Min        Max
-------------+-----------------------------------------------------------------
   h_remesas |   5,835    14994186    3.242377   8.317659   .0001387   138.6637
-------------------------------------------------------------------------------
 nl income = pensions
-------------------------------------------------------------------------------


    Variable |     Obs      Weight        Mean   Std. dev.       Min        Max
-------------+-----------------------------------------------------------------
  h_pensions |       0           0

    Variable |     Obs      Weight        Mean   Std. dev.       Min        Max
-------------+-----------------------------------------------------------------
  h_pensions |       0           0
-------------------------------------------------------------------------------
 nl income = capital
-------------------------------------------------------------------------------


    Variable |     Obs      Weight        Mean   Std. dev.       Min        Max
-------------+-----------------------------------------------------------------
   h_capital |   3,319  8565516.44    5.794979   10.75295   .0001387   135.3357

    Variable |     Obs      Weight        Mean   Std. dev.       Min        Max
-------------+-----------------------------------------------------------------
   h_capital |   3,319     8653899    5.795141   10.75319   .0001387   135.3357
-------------------------------------------------------------------------------
 nl income = transfers
-------------------------------------------------------------------------------


    Variable |     Obs      Weight        Mean   Std. dev.       Min        Max
-------------+-----------------------------------------------------------------
 h_transfers |   5,792  15147684.2    .8589167   2.929485    .000208   38.52077

    Variable |     Obs      Weight        Mean   Std. dev.       Min        Max
-------------+-----------------------------------------------------------------
 h_transfers |   5,792    15303714    .8589424   2.929558    .000208   38.52077

. 
. mata:
------------------------------------------------- mata (type end to exit) -----
: M = st_matrix("var0")

: C = st_matrix("var1")

: V = st_matrix("growth_remesas")

: G = M:*(1:+V)

: H = (G:/C):-1

: st_matrix("growth_remesas_adjust",H)

: end
-------------------------------------------------------------------------------

. 
. mata:
------------------------------------------------- mata (type end to exit) -----
: M = st_matrix("var0")

: C = st_matrix("var1")

: V = st_matrix("growth_pensions")

: G = M:*(1:+V)

: H = (G:/C):-1

: st_matrix("growth_pensions_adjust",H)

: end
-------------------------------------------------------------------------------

. 
. mata:
------------------------------------------------- mata (type end to exit) -----
: M = st_matrix("var0")

: C = st_matrix("var1")

: V = st_matrix("growth_capital")

: G = M:*(1:+V)

: H = (G:/C):-1

: st_matrix("growth_capital_adjust",H)

: end
-------------------------------------------------------------------------------

. 
. mata:
------------------------------------------------- mata (type end to exit) -----
:         M = st_matrix("var0")

:         C = st_matrix("var1")

:         V = st_matrix("growth_transfers")

:         G = M:*(1:+V)

:         H = (G:/C):-1

:         st_matrix("growth_transfers_adjust",H)

: end
-------------------------------------------------------------------------------

. 
. 
. foreach x of local nl_incomes {
  2.     dis as text "`x'"
  3. * 3. expands private tranfers according to the new growth rate 
. gen  h_`x'_s = h_`x' *(1 + growth_`x'_adjust[1,1] ) if h_`x' !=.
  4. 
. }
remesas
(56,014 missing values generated)
pensions
(61,849 missing values generated)
capital
(58,530 missing values generated)
transfers
(56,057 missing values generated)

. 
. * others non-labor transfers  
. gen  h_otherinla_s  = h_otherinla
(61,139 missing values generated)

. //gen h_privtrans_s = h_privtrans
. 
. 
. * imputed rent
. gen h_renta_imp_s = h_renta_imp
(52,827 missing values generated)

. 
. * Adjustment done by KM
. egen aux_nlai_s = rowtotal(h_remesas_s h_pensions_s h_capital_s h_renta_imp_s
>  h_otherinla_s h_transfers_s) if h_head == 1, missing
(49,331 missing values generated)

. bysort id: egen h_nlai_s = sum(aux_nlai_s) if h_head != ., m
(7,087 missing values generated)

. 
. 
. *============================================================================
> =
. *                                     END
. *============================================================================
> =
. 
end of do-file

. *!v1.0
. *============================================================================
> =
. * TITLE: 14 - Household income
. *===========================================================================
. * Prepared by: Sergio Olivieri
. * E-mail: solivieri@worldbank.org
. *============================================================================
> =
. * Created on : Mar 17, 2020
. * Last update: Jan 04, 2021
. *============================================================================
> =
. * Modified by: Kelly Y. Montoya
. * Modification: 04/29/2022 - Correcting household non-labor income
. *                               07/26/2022 - Corrected household labor income
. *                               08/30/2022 - Corrected missing household labo
> r income
. *============================================================================
> =
. 
. note: total individual incomes before food price adjustment 

. *============================================================================
> =
. 
. * Labor
. * Observed 
. gen     h_lai_obs = h_lai * -1
(3,387 missing values generated)

. replace h_lai_obs = . if h_lai_obs == 0 
(0 real changes made)

. * Counterfactual
. *egen     h_lai_s = sum(tot_lai_s) , by(hhid)
. egen     h_lai_s = sum(tot_lai_s) if h_head != ., by(hhid) m // KM: I correct
> ed this.
(3,387 missing values generated)

. *replace  h_lai_s = .  if h_lai_s == 0
. 
. * KM: I modified this part
. * Non-labor
. * Observed
. bysort id: egen aux_nlai = sum(h_nlai), m
(6,626 missing values generated)

. cap drop h_nlai

. gen h_nlai = aux_nlai
(6,626 missing values generated)

. drop aux_nlai

. 
. gen     h_nlai_obs = h_nlai * -1
(6,626 missing values generated)

. replace h_nlai_obs = . if h_nlai_obs == 0 
(0 real changes made)

. * Counterfactual
. *replace  h_nlai_s = .  if h_nlai_s == 0
. 
. * Total
. egen     h_inc_s = rowtotal(h_inc h_lai_obs h_lai_s h_nlai_obs h_nlai_s) if h
> _head != ., missing 

. 
. replace  h_inc_s = 0 if h_inc_s < 0
(543 real changes made)

. *replace  h_inc_s = . if h_inc_s == 0
. replace  h_inc_s = . if h_inc == .
(0 real changes made)

. 
. * per capita household income - total
. gen       pc_inc_s = h_inc_s/ h_size

. label var pc_inc_s "per capita income - $scenario" 

. 
. 
. *============================================================================
> =
. *                                     END
. *============================================================================
> =
. 
end of do-file
--Break--
r(1);
. }
--Break--
r(1);

end of do-file
--Break--
r(1);
